==> [1/5] correctness gate
CORRECTNESS: all 24 go-fft transforms match numpy.fft (rtol=1e-09, atol=1e-07)
==> [2/5] Go benchmarks
BenchmarkFFT2Plan_GoFFT/1024x1024  	     193	   6301771 ns/op
BenchmarkFFT2Plan_GoFFT/1024x1024  	     189	   6206909 ns/op
PASS
==> [3/5] plan cost
==> [4/5] native FFTW
# FFTW fftw-3.3.10-sse2-avx-avx2-avx2_128 (native, 1 thread, FFTW_MEASURE)

## Complex FFT (ns/op | GFLOP/s | plan ns)
      256           274    37.38      70669543
     1024          1532    33.42     130396769
     4096         10579    23.23     240063309
    65536        297124    17.65    2187000164
  1048576      11608220     9.03    4256367135
     1000          2023    24.63     151107319
     1080          2278    23.88     362881115
     1920          3893    26.90     566441337
     1009         20118     2.50     141127804
     1296          3176    21.09     265174250
    10007        203902     3.26    1368157052

## Real RFFT (ns/op | GFLOP/s | plan ns)
      256           224    22.87      84366328
     1024           986    25.96     177797891
     4096          5162    23.81     296888445
    65536        158248    16.57    1449326858
  1048576       3902944    13.43   19727491775
     1000          1244    20.02     182377413
     1080          1360    20.01     378513332
     1920          2589    20.22     778222934

## Real inverse IRFFT c2r (ns/op | GFLOP/s | plan ns)
      256           302    16.97      81603377
     1024          1153    22.21     189261666
     4096          5712    21.51     341230215
    65536        167961    15.61    2049722922
  1048576       4136626    12.67   24190952403
     1000          1416    17.60     208892885
     1080          1635    16.64     475869296
     1920          2813    18.61    1067407985

## 2-D FFT2 (ns/op | GFLOP/s | plan ns)
   64x64            10695    22.98     107341029
  128x128           64500    17.78     134806361
  256x256          281311    18.64     180465362
  512x512         1340569    17.60     368572567
 1024x1024        6554184    16.00     580712094
==> [5/5] numpy/scipy
# numpy 2.5.3 | scipy 1.18.1 | pyfftw 0.15.1 | FFTW None

## Complex FFT (ns/op | GFLOP/s)
        N                   FFTW                  numpy                  scipy
      256            559 (18.33)           6,767 (1.51)           5,259 (1.95)
     1024          2,215 (23.12)          12,969 (3.95)           9,492 (5.39)
     4096         12,849 (19.13)          45,616 (5.39)          32,912 (7.47)
    65536        333,542 (15.72)       1,878,848 (2.79)         907,072 (5.78)
  1048576      11,471,350 (9.14)      39,233,979 (2.67)      13,879,531 (7.55)
     1000          2,636 (18.90)          13,642 (3.65)          10,071 (4.95)
     1080          3,193 (17.04)          14,157 (3.84)          10,607 (5.13)
     1920          4,822 (21.71)          21,728 (4.82)          16,219 (6.46)
     1009          22,890 (2.20)          60,615 (0.83)          38,477 (1.31)
     1296          4,091 (16.38)          16,403 (4.08)          12,451 (5.38)
    10007         265,483 (2.50)         641,607 (1.04)         464,785 (1.43)

## Real RFFT (ns/op | GFLOP/s)
        N                   FFTW                  numpy                  scipy
      256            402 (12.75)           6,015 (0.85)           5,272 (0.97)
     1024          1,305 (19.61)           9,535 (2.68)           8,281 (3.09)
     4096          6,098 (20.15)          24,959 (4.92)          22,022 (5.58)
    65536        169,961 (15.42)         394,616 (6.64)         488,461 (5.37)
  1048576      4,061,805 (12.91)       8,261,850 (6.35)      10,457,187 (5.01)
     1000          1,619 (15.38)          10,283 (2.42)           8,643 (2.88)
     1080          1,810 (15.03)          10,851 (2.51)           9,009 (3.02)
     1920          2,879 (18.18)          14,356 (3.65)          12,263 (4.27)

## 2-D FFT2 (ns/op | GFLOP/s)
    shape                   FFTW                  numpy                  scipy
    64x64         11,250 (21.85)          47,897 (5.13)          32,868 (7.48)
  128x128         61,456 (18.66)         148,655 (7.72)         127,042 (9.03)
  256x256        341,556 (15.35)         671,329 (7.81)        451,635 (11.61)
  512x512      1,493,532 (15.80)       2,753,044 (8.57)      1,896,124 (12.44)
1024x1024      7,868,795 (13.33)      13,568,382 (7.73)      9,529,820 (11.00)
wrote REPORT.md
done
