==> [1/5] correctness gate
CORRECTNESS: all 24 go-fft transforms match numpy.fft (rtol=1e-09, atol=1e-07)
==> [2/5] Go benchmarks
BenchmarkFFT2Plan_GoFFT/1024x1024  	     200	   6204093 ns/op
BenchmarkFFT2Plan_GoFFT/1024x1024  	     196	   5988554 ns/op
PASS
==> [3/5] plan cost
==> [4/5] native FFTW
# FFTW fftw-3.3.10-sse2-avx-avx2-avx2_128 (native, 1 thread, FFTW_MEASURE)

## Complex FFT (ns/op | GFLOP/s | plan ns)
      256           280    36.55      72218113
     1024          1950    26.26     136741062
     4096         10257    23.96     242533030
    65536        296794    17.67    2169186856
  1048576      11435642     9.17    4264748958
     1000          2112    23.60     160645053
     1080          2433    22.37     381961474
     1920          3773    27.75     575483522
     1009         20286     2.48     141148704
     1296          2911    23.02     323019376
    10007        219747     3.03    1232741300

## Real RFFT (ns/op | GFLOP/s | plan ns)
      256           226    22.63      84433088
     1024          1005    25.47     177744260
     4096          5351    22.96     269383402
    65536        170366    15.39    1433689432
  1048576       3906236    13.42   19589436852
     1000          1235    20.17     186141685
     1080          1419    19.18     374221330
     1920          2311    22.66     781873875

## Real inverse IRFFT c2r (ns/op | GFLOP/s | plan ns)
      256           406    12.60      80889457
     1024          1197    21.39     190647027
     4096          5814    21.14     332464192
    65536        166564    15.74    2103709456
  1048576       4332296    12.10   24730659739
     1000          1553    16.04     213819787
     1080          1594    17.06     484499040
     1920          2654    19.73    1037284671

## 2-D FFT2 (ns/op | GFLOP/s | plan ns)
   64x64            11370    21.61     111424320
  128x128           58828    19.50     158393272
  256x256          286047    18.33     189529046
  512x512         1352195    17.45     272123453
 1024x1024        6930148    15.13     543297237
==> [5/5] numpy/scipy
# numpy 2.5.3 | scipy 1.18.1 | pyfftw 0.15.1 | FFTW None

## Complex FFT (ns/op | GFLOP/s)
        N                   FFTW                  numpy                  scipy
      256            559 (18.33)           7,092 (1.44)           5,711 (1.79)
     1024          1,995 (25.66)          13,786 (3.71)          10,141 (5.05)
     4096         12,718 (19.32)          44,827 (5.48)          33,999 (7.23)
    65536        341,374 (15.36)       1,919,202 (2.73)         973,979 (5.38)
  1048576      11,441,665 (9.16)      23,865,873 (4.39)      14,839,522 (7.07)
     1000          2,797 (17.82)          13,745 (3.63)          10,158 (4.91)
     1080          3,243 (16.78)          14,608 (3.73)          10,698 (5.09)
     1920          4,946 (21.17)          22,485 (4.66)          16,573 (6.32)
     1009          24,615 (2.05)          62,310 (0.81)          39,844 (1.26)
     1296          4,512 (14.85)          16,842 (3.98)          12,798 (5.24)
    10007         268,417 (2.48)         674,300 (0.99)         469,075 (1.42)

## Real RFFT (ns/op | GFLOP/s)
        N                   FFTW                  numpy                  scipy
      256            410 (12.50)           6,165 (0.83)           5,457 (0.94)
     1024          1,360 (18.83)           9,655 (2.65)           8,552 (2.99)
     4096          6,237 (19.70)          25,767 (4.77)          22,427 (5.48)
    65536        172,216 (15.22)         444,539 (5.90)         497,587 (5.27)
  1048576      4,174,799 (12.56)       8,511,844 (6.16)      10,076,797 (5.20)
     1000          1,589 (15.68)          11,109 (2.24)           9,205 (2.71)
     1080          1,877 (14.50)          11,535 (2.36)           9,248 (2.94)
     1920          3,179 (16.47)          14,287 (3.66)          12,781 (4.10)

## 2-D FFT2 (ns/op | GFLOP/s)
    shape                   FFTW                  numpy                  scipy
    64x64         11,773 (20.88)          51,081 (4.81)          33,786 (7.27)
  128x128         63,013 (18.20)         155,743 (7.36)         129,501 (8.86)
  256x256        342,784 (15.29)         659,618 (7.95)        477,206 (10.99)
  512x512      1,558,978 (15.13)       3,036,429 (7.77)      1,945,477 (12.13)
1024x1024      8,390,071 (12.50)      14,953,917 (7.01)     10,391,461 (10.09)
wrote REPORT.md
done
