==> [1/5] correctness gate
CORRECTNESS: all 24 go-fft transforms match numpy.fft (rtol=1e-09, atol=1e-07)
==> [2/5] Go benchmarks
BenchmarkFFT2Plan_GoFFT/1024x1024  	     190	   6669849 ns/op
BenchmarkFFT2Plan_GoFFT/1024x1024  	     178	   6605082 ns/op
PASS
==> [3/5] plan cost
==> [4/5] native FFTW
# FFTW fftw-3.3.10-sse2-avx-avx2-avx2_128 (native, 1 thread, FFTW_MEASURE)

## Complex FFT (ns/op | GFLOP/s | plan ns)
      256           275    37.25      71284532
     1024          1502    34.10     130430099
     4096         11117    22.11     243779741
    65536        289667    18.10    2305613498
  1048576      11915055     8.80    4245805619
     1000          2062    24.17     152223509
     1080          2397    22.70     363027125
     1920          4771    21.95     592046049
     1009         20265     2.48     143173225
     1296          2951    22.70     264409241
    10007        204097     3.26    1293352147

## Real RFFT (ns/op | GFLOP/s | plan ns)
      256           268    19.14      84352469
     1024          1224    20.92     174911920
     4096          5079    24.20     288755722
    65536        157870    16.61    1445582827
  1048576       3775358    13.89   19526132754
     1000          1358    18.35     182415503
     1080          1415    19.22     375734461
     1920          2297    22.80     780319135

## Real inverse IRFFT c2r (ns/op | GFLOP/s | plan ns)
      256           386    13.26      82249997
     1024          1387    18.46     188929786
     4096          5819    21.12     330745140
    65536        164417    15.94    2105450857
  1048576       4114804    12.74   24461722647
     1000          1468    16.98     208586665
     1080          1536    17.71     478237277
     1920          2822    18.55    1027053426

## 2-D FFT2 (ns/op | GFLOP/s | plan ns)
   64x64            11789    20.85     107275379
  128x128           65448    17.52     153734940
  256x256          280463    18.69     181261942
  512x512         1321722    17.85     269487132
 1024x1024        7028829    14.92     578506453
==> [5/5] numpy/scipy
# numpy 2.5.3 | scipy 1.18.1 | pyfftw 0.15.1 | FFTW None

## Complex FFT (ns/op | GFLOP/s)
        N                   FFTW                  numpy                  scipy
      256            489 (20.96)           6,693 (1.53)           5,464 (1.87)
     1024          1,969 (26.01)          13,080 (3.91)          10,063 (5.09)
     4096         12,321 (19.95)          44,109 (5.57)          33,026 (7.44)
    65536        337,062 (15.55)       1,948,173 (2.69)         912,308 (5.75)
  1048576      11,610,848 (9.03)      43,839,631 (2.39)      15,074,569 (6.96)
     1000          2,553 (19.52)          13,602 (3.66)          10,073 (4.95)
     1080          3,099 (17.56)          14,247 (3.82)          10,847 (5.02)
     1920          4,885 (21.44)          21,506 (4.87)          16,169 (6.48)
     1009          22,621 (2.23)          61,020 (0.83)          38,307 (1.31)
     1296          4,135 (16.20)          16,663 (4.02)          12,660 (5.29)
    10007         267,787 (2.48)         638,934 (1.04)         465,202 (1.43)

## Real RFFT (ns/op | GFLOP/s)
        N                   FFTW                  numpy                  scipy
      256            402 (12.73)           5,991 (0.85)           5,424 (0.94)
     1024          1,388 (18.44)           9,479 (2.70)           8,562 (2.99)
     4096          6,057 (20.29)          25,422 (4.83)          22,071 (5.57)
    65536        179,257 (14.62)         459,115 (5.71)         497,963 (5.26)
  1048576      4,162,554 (12.60)       8,785,754 (5.97)      10,412,562 (5.04)
     1000          1,749 (14.25)          10,403 (2.39)           8,618 (2.89)
     1080          1,837 (14.81)          10,967 (2.48)           9,249 (2.94)
     1920          2,829 (18.51)          14,596 (3.59)          12,276 (4.26)

## 2-D FFT2 (ns/op | GFLOP/s)
    shape                   FFTW                  numpy                  scipy
    64x64         11,513 (21.35)          49,444 (4.97)          33,422 (7.35)
  128x128         71,685 (16.00)         150,578 (7.62)         123,730 (9.27)
  256x256        342,043 (15.33)         682,655 (7.68)        453,217 (11.57)
  512x512      1,500,410 (15.72)       2,907,282 (8.12)      1,900,464 (12.41)
1024x1024      7,561,629 (13.87)      13,284,659 (7.89)      9,424,822 (11.13)
wrote REPORT.md
done
