==> [1/5] correctness gate
CORRECTNESS: all 24 go-fft transforms match numpy.fft (rtol=1e-09, atol=1e-07)
==> [2/5] Go benchmarks
BenchmarkFFT2Plan_GoFFT/1024x1024-64   	     306	   3903109 ns/op
BenchmarkFFT2Plan_GoFFT/1024x1024-64   	     309	   3856620 ns/op
PASS
==> [3/5] plan cost
==> [4/5] native FFTW
# FFTW fftw-3.3.10-neon (native, 1 thread, FFTW_MEASURE)

## Complex FFT (ns/op | GFLOP/s | plan ns)
      256          1155     8.86       8523010
     1024          6352     8.06       3322219
     4096         40991     6.00       6224798
    65536       1233581     4.25      21577053
  1048576      44957810     2.33      20280687
     1000          7159     6.96       4842270
     1080          7663     7.10      12965320
     1920         13495     7.76      17410070
     1009         48125     1.05       6089119
     1296         11313     5.92      10302147
    10007        603875     1.10      35133507

## Real RFFT (ns/op | GFLOP/s | plan ns)
      256           724     7.07       2537057
     1024          4210     6.08       5473156
     4096         19850     6.19       9429902
    65536        550126     4.77      22013506
  1048576      18941246     2.77      66351200
     1000          3939     6.33       6721325
     1080          4200     6.48      14676459
     1920          7306     7.17      27873866

## Real inverse IRFFT c2r (ns/op | GFLOP/s | plan ns)
      256           811     6.31       2583697
     1024          4454     5.75       5962681
     4096         21078     5.83      11149997
    65536        638608     4.10      27194425
  1048576      22897989     2.29      68628952
     1000          4245     5.87       7809415
     1080          4419     6.16      17682204
     1920          7822     6.69      34380840

## 2-D FFT2 (ns/op | GFLOP/s | plan ns)
   64x64            30814     7.98       2192495
  128x128          194246     5.90       3995068
  256x256         1249232     4.20       3888747
  512x512         6936183     3.40       7881297
 1024x1024       43737163     2.40       8217419
==> [5/5] numpy/scipy
# numpy 2.5.3 | scipy 1.18.1 | pyfftw 0.15.1 | FFTW None

## Complex FFT (ns/op | GFLOP/s)
        N                   FFTW                  numpy                  scipy
      256           1,695 (6.04)           9,542 (1.07)           7,752 (1.32)
     1024           7,678 (6.67)          18,814 (2.72)          14,523 (3.53)
     4096          40,241 (6.11)          58,883 (4.17)          47,496 (5.17)
    65536       1,052,558 (4.98)       2,031,529 (2.58)       1,419,109 (3.69)
  1048576      28,299,963 (3.71)      43,707,533 (2.40)      31,562,419 (3.32)
     1000           8,854 (5.63)          19,342 (2.58)          15,109 (3.30)
     1080           9,024 (6.03)          21,704 (2.51)          16,624 (3.27)
     1920          16,773 (6.24)          32,720 (3.20)          25,979 (4.03)
     1009          48,131 (1.05)          96,442 (0.52)          57,092 (0.88)
     1296          10,979 (6.10)          24,702 (2.71)          19,511 (3.43)
    10007         675,266 (0.98)       1,013,494 (0.66)         758,396 (0.88)

## Real RFFT (ns/op | GFLOP/s)
        N                   FFTW                  numpy                  scipy
      256             867 (5.91)           8,583 (0.60)           7,733 (0.66)
     1024           3,875 (6.61)          14,362 (1.78)          12,477 (2.05)
     4096          19,101 (6.43)          37,363 (3.29)          32,527 (3.78)
    65536         517,494 (5.07)         711,672 (3.68)         741,999 (3.53)
  1048576      13,335,096 (3.93)      21,356,505 (2.45)      18,256,820 (2.87)
     1000           4,406 (5.66)          15,255 (1.63)          12,762 (1.95)
     1080           4,443 (6.12)          15,819 (1.72)          14,015 (1.94)
     1920           7,795 (6.72)          21,901 (2.39)          18,980 (2.76)

## 2-D FFT2 (ns/op | GFLOP/s)
    shape                   FFTW                  numpy                  scipy
    64x64          39,864 (6.17)          69,350 (3.54)          50,053 (4.91)
  128x128         200,905 (5.71)         260,171 (4.41)         202,250 (5.67)
  256x256       1,005,111 (5.22)       1,054,863 (4.97)         841,328 (6.23)
  512x512       5,002,212 (4.72)       5,847,853 (4.03)       4,192,867 (5.63)
1024x1024      26,857,728 (3.90)      25,803,658 (4.06)      22,640,532 (4.63)
wrote REPORT.md
done
