==> [1/5] correctness gate
CORRECTNESS: all 24 go-fft transforms match numpy.fft (rtol=1e-09, atol=1e-07)
==> [2/5] Go benchmarks
BenchmarkFFT2Plan_GoFFT/1024x1024-64   	     204	   5889989 ns/op
BenchmarkFFT2Plan_GoFFT/1024x1024-64   	     206	   5853728 ns/op
PASS
==> [3/5] plan cost
==> [4/5] native FFTW
# FFTW fftw-3.3.10-neon (native, 1 thread, FFTW_MEASURE)

## Complex FFT (ns/op | GFLOP/s | plan ns)
      256          1151     8.90       7652765
     1024          6312     8.11       3251692
     4096         40865     6.01       6148979
    65536       1223530     4.29      21496627
  1048576      44372311     2.36      19977322
     1000          7156     6.96       4697874
     1080          7663     7.10      12485763
     1920         13492     7.76      17371239
     1009         48037     1.05       6079817
     1296         11314     5.92      10477170
    10007        591258     1.12      35264168

## Real RFFT (ns/op | GFLOP/s | plan ns)
      256           719     7.12       2402080
     1024          4199     6.10       5364886
     4096         19800     6.21       9407591
    65536        548397     4.78      21989075
  1048576      20135567     2.60      66191988
     1000          3944     6.32       6727587
     1080          4191     6.49      14538955
     1920          7303     7.17      27805967

## Real inverse IRFFT c2r (ns/op | GFLOP/s | plan ns)
      256           808     6.34       2501320
     1024          4451     5.75       6000057
     4096         21017     5.85      10927057
    65536        636259     4.12      27047876
  1048576      25935733     2.02      69414118
     1000          4245     5.87       7843887
     1080          4418     6.16      18264815
     1920          7845     6.67      34522915

## 2-D FFT2 (ns/op | GFLOP/s | plan ns)
   64x64            30935     7.94       2194356
  128x128          197991     5.79       3972825
  256x256         1313881     3.99       3902182
  512x512         7766801     3.04       8128650
 1024x1024       44428331     2.36       8443736
==> [5/5] numpy/scipy
# numpy 2.5.3 | scipy 1.18.1 | pyfftw 0.15.1 | FFTW None

## Complex FFT (ns/op | GFLOP/s)
        N                   FFTW                  numpy                  scipy
      256           1,679 (6.10)           9,367 (1.09)           7,657 (1.34)
     1024           7,639 (6.70)          18,917 (2.71)          14,623 (3.50)
     4096          40,062 (6.13)          59,655 (4.12)          47,636 (5.16)
    65536       1,060,685 (4.94)       2,300,408 (2.28)       1,511,052 (3.47)
  1048576      28,778,919 (3.64)      48,392,375 (2.17)      31,268,249 (3.35)
     1000           8,811 (5.66)          19,322 (2.58)          15,236 (3.27)
     1080           8,992 (6.05)          21,620 (2.52)          16,824 (3.23)
     1920          16,791 (6.24)          32,691 (3.20)          25,986 (4.03)
     1009          48,131 (1.05)          96,036 (0.52)          57,098 (0.88)
     1296          10,849 (6.18)          24,889 (2.69)          19,788 (3.39)
    10007         679,499 (0.98)       1,042,148 (0.64)         784,284 (0.85)

## Real RFFT (ns/op | GFLOP/s)
        N                   FFTW                  numpy                  scipy
      256             894 (5.73)           9,270 (0.55)           8,385 (0.61)
     1024           3,906 (6.55)          14,658 (1.75)          12,691 (2.02)
     4096          18,758 (6.55)          37,180 (3.30)          33,376 (3.68)
    65536         511,990 (5.12)         733,056 (3.58)         751,738 (3.49)
  1048576      12,696,347 (4.13)      22,317,009 (2.35)      18,391,511 (2.85)
     1000           4,413 (5.65)          15,217 (1.64)          12,751 (1.95)
     1080           4,459 (6.10)          15,963 (1.70)          14,102 (1.93)
     1920           7,883 (6.64)          21,710 (2.41)          19,016 (2.75)

## 2-D FFT2 (ns/op | GFLOP/s)
    shape                   FFTW                  numpy                  scipy
    64x64          39,942 (6.15)          71,528 (3.44)          50,308 (4.89)
  128x128         196,552 (5.83)         251,970 (4.55)         198,322 (5.78)
  256x256       1,005,225 (5.22)       1,089,263 (4.81)         901,686 (5.81)
  512x512       4,887,124 (4.83)       5,953,796 (3.96)       4,250,378 (5.55)
1024x1024      26,510,956 (3.96)      25,670,433 (4.08)      19,994,544 (5.24)
wrote REPORT.md
done
