==> [1/5] correctness gate
CORRECTNESS: all 24 go-fft transforms match numpy.fft (rtol=1e-09, atol=1e-07)
==> [2/5] Go benchmarks
BenchmarkFFT2Plan_GoFFT/1024x1024  	     195	   6163848 ns/op
BenchmarkFFT2Plan_GoFFT/1024x1024  	     194	   6187348 ns/op
PASS
==> [3/5] plan cost
==> [4/5] native FFTW
# FFTW fftw-3.3.10-sse2-avx-avx2-avx2_128 (native, 1 thread, FFTW_MEASURE)

## Complex FFT (ns/op | GFLOP/s | plan ns)
      256           279    36.68      71506973
     1024          1513    33.83     131031519
     4096         10439    23.54     238687448
    65536        294760    17.79    2283051078
  1048576      11732105     8.94    4096187812
     1000          2032    24.52     157045741
     1080          2389    22.77     371170078
     1920          3876    27.01     595996831
     1009         20223     2.49     141569154
     1296          2891    23.18     267012102
    10007        200754     3.31    1221007895

## Real RFFT (ns/op | GFLOP/s | plan ns)
      256           225    22.78      83867818
     1024           965    26.54     179648092
     4096          5325    23.07     293522293
    65536        153398    17.09    1429227179
  1048576       3835318    13.67   19461263014
     1000          1357    18.36     189502776
     1080          1660    16.39     373303080
     1920          2477    21.14     792855050

## Real inverse IRFFT c2r (ns/op | GFLOP/s | plan ns)
      256           412    12.44      84572749
     1024          1182    21.65     197861000
     4096          5872    20.93     333388531
    65536        168379    15.57    2034010984
  1048576       4152693    12.63   24191268854
     1000          1453    17.15     214040818
     1080          1551    17.54     480671819
     1920          2712    19.31    1022266015

## 2-D FFT2 (ns/op | GFLOP/s | plan ns)
   64x64            11235    21.88     106882139
  128x128           60591    18.93     153252450
  256x256          281353    18.63     178766691
  512x512         1308367    18.03     365908946
 1024x1024        6487431    16.16     561559576
==> [5/5] numpy/scipy
# numpy 2.5.3 | scipy 1.18.1 | pyfftw 0.15.1 | FFTW None

## Complex FFT (ns/op | GFLOP/s)
        N                   FFTW                  numpy                  scipy
      256            560 (18.28)           6,762 (1.51)           5,129 (2.00)
     1024          2,038 (25.12)          13,056 (3.92)           9,383 (5.46)
     4096         12,273 (20.02)          43,873 (5.60)          33,408 (7.36)
    65536        340,712 (15.39)       1,896,843 (2.76)         914,724 (5.73)
  1048576      12,763,180 (8.22)      23,083,952 (4.54)      13,759,221 (7.62)
     1000          2,646 (18.83)          13,676 (3.64)           9,718 (5.13)
     1080          3,197 (17.02)          14,507 (3.75)          10,348 (5.26)
     1920          4,895 (21.39)          21,852 (4.79)          15,371 (6.81)
     1009          21,691 (2.32)          60,768 (0.83)          38,194 (1.32)
     1296          4,180 (16.03)          16,203 (4.14)          12,111 (5.53)
    10007         264,068 (2.52)         640,499 (1.04)         471,001 (1.41)

## Real RFFT (ns/op | GFLOP/s)
        N                   FFTW                  numpy                  scipy
      256            401 (12.76)           5,982 (0.86)           5,122 (1.00)
     1024          1,378 (18.58)           9,564 (2.68)           8,167 (3.13)
     4096          6,182 (19.88)          24,637 (4.99)          21,969 (5.59)
    65536        166,640 (15.73)         397,907 (6.59)         492,804 (5.32)
  1048576      3,998,408 (13.11)       8,087,968 (6.48)       9,911,058 (5.29)
     1000          1,516 (16.44)          10,541 (2.36)           8,488 (2.94)
     1080          1,855 (14.67)          10,942 (2.49)           8,884 (3.06)
     1920          2,874 (18.21)          14,480 (3.62)          11,979 (4.37)

## 2-D FFT2 (ns/op | GFLOP/s)
    shape                   FFTW                  numpy                  scipy
    64x64         11,433 (21.49)          46,953 (5.23)          31,959 (7.69)
  128x128         64,177 (17.87)         147,585 (7.77)         128,888 (8.90)
  256x256        344,654 (15.21)         666,774 (7.86)        451,205 (11.62)
  512x512      1,558,113 (15.14)       3,138,327 (7.52)      1,892,781 (12.46)
1024x1024      7,465,046 (14.05)      14,558,257 (7.20)      9,283,255 (11.30)
wrote REPORT.md
done
