==> [1/5] correctness gate
CORRECTNESS: all 24 go-fft transforms match numpy.fft (rtol=1e-09, atol=1e-07)
==> [2/5] Go benchmarks
BenchmarkFFT2Plan_GoFFT/1024x1024-64   	     309	   3967229 ns/op
BenchmarkFFT2Plan_GoFFT/1024x1024-64   	     306	   3891714 ns/op
PASS
==> [3/5] plan cost
==> [4/5] native FFTW
# FFTW fftw-3.3.10-neon (native, 1 thread, FFTW_MEASURE)

## Complex FFT (ns/op | GFLOP/s | plan ns)
      256          1150     8.90       7690569
     1024          6308     8.12       3325658
     4096         40520     6.07       6158825
    65536       1228910     4.27      21450927
  1048576      44763191     2.34      19975182
     1000          7156     6.96       4679680
     1080          7664     7.10      12580056
     1920         13557     7.72      17802864
     1009         48288     1.04       6213548
     1296         11349     5.90      10776024
    10007        595704     1.12      35885094

## Real RFFT (ns/op | GFLOP/s | plan ns)
      256           720     7.11       2396241
     1024          4168     6.14       5471773
     4096         19690     6.24       9645684
    65536        559804     4.68      22083618
  1048576      21340305     2.46      66930104
     1000          3945     6.32       6765956
     1080          4207     6.47      14687331
     1920          7358     7.11      27787754

## Real inverse IRFFT c2r (ns/op | GFLOP/s | plan ns)
      256           850     6.02       2824729
     1024          4479     5.72       6583592
     4096         21127     5.82      11393476
    65536        639747     4.10      29316019
  1048576      26026365     2.01      68655573
     1000          4259     5.85       7706052
     1080          4448     6.12      17651580
     1920          7795     6.72      34566950

## 2-D FFT2 (ns/op | GFLOP/s | plan ns)
   64x64            30868     7.96       2226079
  128x128          193792     5.92       4004428
  256x256         1412103     3.71       3910266
  512x512         8346851     2.83       7776691
 1024x1024       48525678     2.16       8409183
==> [5/5] numpy/scipy
# numpy 2.5.3 | scipy 1.18.1 | pyfftw 0.15.1 | FFTW None

## Complex FFT (ns/op | GFLOP/s)
        N                   FFTW                  numpy                  scipy
      256           1,719 (5.96)           9,743 (1.05)           7,638 (1.34)
     1024           7,648 (6.69)          19,106 (2.68)          14,585 (3.51)
     4096          39,874 (6.16)          59,962 (4.10)          47,876 (5.13)
    65536       1,049,379 (5.00)       2,158,009 (2.43)       1,455,875 (3.60)
  1048576      28,633,933 (3.66)      48,687,855 (2.15)      34,012,190 (3.08)
     1000           8,785 (5.67)          19,495 (2.56)          15,227 (3.27)
     1080           9,022 (6.03)          21,886 (2.49)          16,836 (3.23)
     1920          16,848 (6.21)          33,298 (3.14)          26,468 (3.96)
     1009          50,190 (1.00)          97,117 (0.52)          58,081 (0.87)
     1296          10,934 (6.13)          25,103 (2.67)          19,695 (3.40)
    10007         679,593 (0.98)       1,023,669 (0.65)         761,720 (0.87)

## Real RFFT (ns/op | GFLOP/s)
        N                   FFTW                  numpy                  scipy
      256             871 (5.88)           8,938 (0.57)           7,931 (0.65)
     1024           3,907 (6.55)          14,582 (1.76)          12,377 (2.07)
     4096          18,816 (6.53)          37,676 (3.26)          32,867 (3.74)
    65536         524,932 (4.99)         735,636 (3.56)         764,279 (3.43)
  1048576      12,964,884 (4.04)      22,654,315 (2.31)      19,139,432 (2.74)
     1000           4,380 (5.69)          15,888 (1.57)          12,581 (1.98)
     1080           4,467 (6.09)          16,308 (1.67)          14,290 (1.90)
     1920           7,827 (6.69)          22,113 (2.37)          18,916 (2.77)

## 2-D FFT2 (ns/op | GFLOP/s)
    shape                   FFTW                  numpy                  scipy
    64x64          40,159 (6.12)          72,497 (3.39)          50,061 (4.91)
  128x128         200,463 (5.72)         255,552 (4.49)         199,157 (5.76)
  256x256         987,828 (5.31)       1,085,292 (4.83)         849,493 (6.17)
  512x512       5,015,054 (4.70)       5,286,951 (4.46)       4,068,217 (5.80)
1024x1024      25,967,513 (4.04)      25,182,296 (4.16)      22,691,534 (4.62)
wrote REPORT.md
done
