==> [1/5] correctness gate
CORRECTNESS: all 24 go-fft transforms match numpy.fft (rtol=1e-09, atol=1e-07)
==> [2/5] Go benchmarks
BenchmarkFFT2Plan_GoFFT/1024x1024  	     186	   6958050 ns/op
BenchmarkFFT2Plan_GoFFT/1024x1024  	     186	   7153280 ns/op
PASS
==> [3/5] plan cost
==> [4/5] native FFTW
# FFTW fftw-3.3.10-sse2-avx-avx2-avx2_128 (native, 1 thread, FFTW_MEASURE)

## Complex FFT (ns/op | GFLOP/s | plan ns)
      256           287    35.67      71501223
     1024          1509    33.94     134634561
     4096         11295    21.76     242767311
    65536        298621    17.56    2272988053
  1048576      11505252     9.11    4256926304
     1000          2060    24.19     152839659
     1080          2322    23.43     369955408
     1920          3947    26.53     586159177
     1009         20087     2.51     151009439
     1296          2912    23.01     266554061
    10007        206839     3.21    1272705968

## Real RFFT (ns/op | GFLOP/s | plan ns)
      256           227    22.59      84958159
     1024           979    26.14     176550490
     4096          5248    23.41     265906471
    65536        154529    16.96    1414832003
  1048576       3748442    13.99   19704851774
     1000          1222    20.40     187997486
     1080          1418    19.19     373848590
     1920          2360    22.18     778393994

## Real inverse IRFFT c2r (ns/op | GFLOP/s | plan ns)
      256           347    14.77      80156926
     1024          1191    21.50     189024326
     4096          5788    21.23     330275991
    65536        171179    15.31    2109728439
  1048576       4126716    12.70   24464037917
     1000          1426    17.47     209030505
     1080          1585    17.17     480229278
     1920          2662    19.67    1040959813

## 2-D FFT2 (ns/op | GFLOP/s | plan ns)
   64x64            10742    22.88     107470089
  128x128           62073    18.48     161353863
  256x256          287809    18.22     179988552
  512x512         1373084    17.18     273684975
 1024x1024        6886025    15.23     625935115
==> [5/5] numpy/scipy
# numpy 2.5.3 | scipy 1.18.1 | pyfftw 0.15.1 | FFTW None

## Complex FFT (ns/op | GFLOP/s)
        N                   FFTW                  numpy                  scipy
      256            558 (18.34)           7,055 (1.45)           5,473 (1.87)
     1024          2,243 (22.83)          13,542 (3.78)           9,899 (5.17)
     4096         13,676 (17.97)          47,171 (5.21)          34,540 (7.12)
    65536        334,909 (15.65)       1,891,459 (2.77)         914,418 (5.73)
  1048576      12,000,232 (8.74)      27,424,859 (3.82)      14,850,006 (7.06)
     1000          2,550 (19.54)          14,817 (3.36)           9,899 (5.03)
     1080          3,158 (17.23)          14,157 (3.84)          10,659 (5.10)
     1920          4,985 (21.00)          21,865 (4.79)          16,346 (6.41)
     1009          22,819 (2.21)          60,741 (0.83)          38,166 (1.32)
     1296          4,092 (16.37)          16,206 (4.13)          12,415 (5.40)
    10007         265,330 (2.51)         641,946 (1.04)         463,639 (1.43)

## Real RFFT (ns/op | GFLOP/s)
        N                   FFTW                  numpy                  scipy
      256            400 (12.81)           5,943 (0.86)           5,542 (0.92)
     1024          1,434 (17.85)           9,443 (2.71)           9,026 (2.84)
     4096          6,114 (20.10)          25,405 (4.84)          21,905 (5.61)
    65536        172,284 (15.22)         402,780 (6.51)         500,832 (5.23)
  1048576      4,213,848 (12.44)       8,287,442 (6.33)       9,956,538 (5.27)
     1000          1,629 (15.29)          10,186 (2.45)           8,506 (2.93)
     1080          1,795 (15.16)          10,742 (2.53)           9,371 (2.90)
     1920          2,985 (17.54)          14,149 (3.70)          12,189 (4.30)

## 2-D FFT2 (ns/op | GFLOP/s)
    shape                   FFTW                  numpy                  scipy
    64x64         11,233 (21.88)          50,400 (4.88)          32,844 (7.48)
  128x128         61,321 (18.70)         147,509 (7.78)         127,001 (9.03)
  256x256        352,666 (14.87)         594,783 (8.81)        454,994 (11.52)
  512x512      1,511,112 (15.61)       2,953,141 (7.99)      1,916,868 (12.31)
1024x1024      7,563,855 (13.86)      13,316,283 (7.87)      9,361,665 (11.20)
wrote REPORT.md
done
