==> [1/5] correctness gate
CORRECTNESS: all 24 go-fft transforms match numpy.fft (rtol=1e-09, atol=1e-07)
==> [2/5] Go benchmarks
BenchmarkFFT2Plan_GoFFT/1024x1024  	     198	   6207116 ns/op
BenchmarkFFT2Plan_GoFFT/1024x1024  	     195	   6020363 ns/op
PASS
==> [3/5] plan cost
==> [4/5] native FFTW
# FFTW fftw-3.3.10-sse2-avx-avx2-avx2_128 (native, 1 thread, FFTW_MEASURE)

## Complex FFT (ns/op | GFLOP/s | plan ns)
      256           273    37.51      72107883
     1024          1529    33.49     130994850
     4096         10983    22.38     257114497
    65536        304039    17.24    2277988725
  1048576      11481393     9.13    4129259356
     1000          1970    25.29     151243219
     1080          2252    24.16     372655470
     1920          3975    26.34     584588736
     1009         20291     2.48     141562454
     1296          2934    22.84     278270246
    10007        207042     3.21    1249149038

## Real RFFT (ns/op | GFLOP/s | plan ns)
      256           227    22.58      84830509
     1024           980    26.13     176552960
     4096          5218    23.55     264834530
    65536        154814    16.93    1432764891
  1048576       3727502    14.07   19321526440
     1000          1262    19.75     182356343
     1080          1345    20.23     372608569
     1920          2304    22.72     779599344

## Real inverse IRFFT c2r (ns/op | GFLOP/s | plan ns)
      256           286    17.89      80619206
     1024          1186    21.59     189778096
     4096          5901    20.82     331794941
    65536        167498    15.65    2069541920
  1048576       4041447    12.97   24030892520
     1000          1505    16.56     207541134
     1080          1564    17.40     476443736
     1920          2688    19.48    1047965646

## 2-D FFT2 (ns/op | GFLOP/s | plan ns)
   64x64            10690    22.99     106717318
  128x128           62409    18.38     155627451
  256x256          288975    18.14     180285442
  512x512         1331275    17.72     271891414
 1024x1024        6321463    16.59     524295628
==> [5/5] numpy/scipy
# numpy 2.5.3 | scipy 1.18.1 | pyfftw 0.15.1 | FFTW None

## Complex FFT (ns/op | GFLOP/s)
        N                   FFTW                  numpy                  scipy
      256            563 (18.18)           6,695 (1.53)           5,527 (1.85)
     1024          2,007 (25.51)          13,081 (3.91)           9,830 (5.21)
     4096         12,444 (19.75)          48,190 (5.10)          34,335 (7.16)
    65536        342,208 (15.32)       1,948,712 (2.69)         906,441 (5.78)
  1048576      11,472,527 (9.14)      23,347,903 (4.49)      14,237,966 (7.36)
     1000          2,708 (18.40)          13,464 (3.70)          10,234 (4.87)
     1080          3,205 (16.98)          14,243 (3.82)          10,758 (5.06)
     1920          4,802 (21.81)          21,550 (4.86)          16,503 (6.34)
     1009          22,728 (2.22)          60,901 (0.83)          38,524 (1.31)
     1296          4,120 (16.26)          16,167 (4.14)          12,513 (5.35)
    10007         262,502 (2.53)         654,633 (1.02)         477,789 (1.39)

## Real RFFT (ns/op | GFLOP/s)
        N                   FFTW                  numpy                  scipy
      256            413 (12.39)           6,225 (0.82)           5,615 (0.91)
     1024          1,329 (19.26)           9,969 (2.57)           8,572 (2.99)
     4096          6,164 (19.93)          24,991 (4.92)          22,666 (5.42)
    65536        169,067 (15.51)         397,219 (6.60)         494,027 (5.31)
  1048576      3,926,792 (13.35)       8,234,509 (6.37)      10,175,162 (5.15)
     1000          1,633 (15.25)          10,340 (2.41)           8,865 (2.81)
     1080          1,824 (14.92)          10,872 (2.50)           9,197 (2.96)
     1920          2,850 (18.37)          14,344 (3.65)          12,940 (4.05)

## 2-D FFT2 (ns/op | GFLOP/s)
    shape                   FFTW                  numpy                  scipy
    64x64         10,866 (22.62)          47,191 (5.21)          33,893 (7.25)
  128x128         69,462 (16.51)         145,959 (7.86)         127,035 (9.03)
  256x256        337,745 (15.52)         628,347 (8.34)        457,328 (11.46)
  512x512      1,544,298 (15.28)       2,943,259 (8.02)      1,901,774 (12.41)
1024x1024      7,501,919 (13.98)      13,301,898 (7.88)      9,501,360 (11.04)
wrote REPORT.md
done
