==> [1/5] correctness gate
CORRECTNESS: all 24 go-fft transforms match numpy.fft (rtol=1e-09, atol=1e-07)
==> [2/5] Go benchmarks
BenchmarkFFT2Plan_GoFFT/1024x1024  	     174	   6710374 ns/op
BenchmarkFFT2Plan_GoFFT/1024x1024  	     182	   6494312 ns/op
PASS
==> [3/5] plan cost
==> [4/5] native FFTW
# FFTW fftw-3.3.10-sse2-avx-avx2-avx2_128 (native, 1 thread, FFTW_MEASURE)

## Complex FFT (ns/op | GFLOP/s | plan ns)
      256           278    36.90      71771443
     1024          1523    33.62     139281153
     4096         10300    23.86     242156420
    65536        298456    17.57    2155927260
  1048576      11370727     9.22    4120178943
     1000          2163    23.04     151736649
     1080          2297    23.69     364622836
     1920          3987    26.26     569736759
     1009         20207     2.49     141041434
     1296          2921    22.94     265826711
    10007        201873     3.29    1261279783

## Real RFFT (ns/op | GFLOP/s | plan ns)
      256           232    22.06      84442108
     1024           964    26.55     194919188
     4096          5169    23.77     267145621
    65536        155281    16.88    1450073569
  1048576       3832095    13.68   20178084270
     1000          1254    19.86     186847955
     1080          1330    20.45     373091269
     1920          2297    22.79     785513697

## Real inverse IRFFT c2r (ns/op | GFLOP/s | plan ns)
      256           291    17.60      80603657
     1024          1220    20.98     194420979
     4096          5824    21.10     347101837
    65536        171093    15.32    2093045391
  1048576       4068843    12.89   24454919553
     1000          1434    17.38     209324395
     1080          1620    16.79     476338387
     1920          2775    18.87    1031705779

## 2-D FFT2 (ns/op | GFLOP/s | plan ns)
   64x64            10762    22.84     107354659
  128x128           60826    18.86     154907240
  256x256          282275    18.57     182143193
  512x512         1323816    17.82     329181519
 1024x1024        6393202    16.40     534088982
==> [5/5] numpy/scipy
# numpy 2.5.3 | scipy 1.18.1 | pyfftw 0.15.1 | FFTW None

## Complex FFT (ns/op | GFLOP/s)
        N                   FFTW                  numpy                  scipy
      256            558 (18.35)           6,757 (1.52)           5,429 (1.89)
     1024          2,020 (25.35)          13,859 (3.69)           9,966 (5.14)
     4096         12,819 (19.17)          45,178 (5.44)          33,838 (7.26)
    65536        344,834 (15.20)       1,986,440 (2.64)         916,341 (5.72)
  1048576      12,129,151 (8.65)      23,282,257 (4.50)      14,547,807 (7.21)
     1000          2,697 (18.47)          13,796 (3.61)          10,123 (4.92)
     1080          3,473 (15.67)          14,369 (3.79)          10,844 (5.02)
     1920          4,903 (21.36)          21,929 (4.77)          16,819 (6.23)
     1009          22,947 (2.19)          60,495 (0.83)          38,636 (1.30)
     1296          4,138 (16.19)          16,531 (4.05)          12,826 (5.22)
    10007         269,027 (2.47)         641,424 (1.04)         470,510 (1.41)

## Real RFFT (ns/op | GFLOP/s)
        N                   FFTW                  numpy                  scipy
      256            404 (12.68)           6,215 (0.82)           5,243 (0.98)
     1024          1,349 (18.97)           9,538 (2.68)           8,275 (3.09)
     4096          6,156 (19.96)          25,035 (4.91)          22,133 (5.55)
    65536        172,767 (15.17)         449,275 (5.83)         499,924 (5.24)
  1048576      4,049,398 (12.95)       8,384,483 (6.25)      10,136,058 (5.17)
     1000          1,601 (15.56)          10,174 (2.45)           8,544 (2.92)
     1080          1,837 (14.81)          10,933 (2.49)           8,988 (3.03)
     1920          2,922 (17.92)          14,394 (3.64)          12,126 (4.32)

## 2-D FFT2 (ns/op | GFLOP/s)
    shape                   FFTW                  numpy                  scipy
    64x64         11,923 (20.61)          46,984 (5.23)          34,385 (7.15)
  128x128         63,399 (18.09)         147,202 (7.79)         127,133 (9.02)
  256x256        352,161 (14.89)         693,742 (7.56)        456,880 (11.48)
  512x512      1,547,268 (15.25)       3,054,710 (7.72)      1,992,589 (11.84)
1024x1024      7,747,389 (13.53)      14,813,130 (7.08)      9,594,180 (10.93)
wrote REPORT.md
done
