==> [1/5] correctness gate
CORRECTNESS: all 24 go-fft transforms match numpy.fft (rtol=1e-09, atol=1e-07)
==> [2/5] Go benchmarks
BenchmarkFFT2Plan_GoFFT/1024x1024  	      64	  18533221 ns/op
BenchmarkFFT2Plan_GoFFT/1024x1024  	      63	  18746355 ns/op
PASS
==> [3/5] plan cost
==> [4/5] native FFTW
# FFTW fftw-3.3.10-neon (native, 1 thread, FFTW_MEASURE)

## Complex FFT (ns/op | GFLOP/s | plan ns)
      256          1157     8.85       4426774
     1024          6300     8.13       3330441
     4096         41083     5.98       6276516
    65536       1265585     4.14      21643067
  1048576      45830125     2.29      20373531
     1000          7208     6.91       4680416
     1080          7704     7.06      12739237
     1920         13554     7.73      17492136
     1009         48253     1.04       6099194
     1296         11403     5.88      10555891
    10007        615217     1.08      35916084

## Real RFFT (ns/op | GFLOP/s | plan ns)
      256           721     7.10       2418190
     1024          4219     6.07       5358547
     4096         19818     6.20       9624559
    65536        565543     4.64      21996433
  1048576      19195971     2.73      65859176
     1000          3974     6.27       6844724
     1080          4209     6.46      14660461
     1920          7332     7.14      28696718

## Real inverse IRFFT c2r (ns/op | GFLOP/s | plan ns)
      256           809     6.33       2525393
     1024          4443     5.76       6000875
     4096         21161     5.81      11210499
    65536        665169     3.94      27060978
  1048576      22975735     2.28      68706179
     1000          4279     5.82       7776218
     1080          4421     6.15      18197266
     1920          7825     6.69      36116932

## 2-D FFT2 (ns/op | GFLOP/s | plan ns)
   64x64            30899     7.95       2195388
  128x128          193415     5.93       4104732
  256x256         1444895     3.63       3964970
  512x512         7735338     3.05       7970860
 1024x1024       46947400     2.23       8176783
==> [5/5] numpy/scipy
# numpy 2.5.3 | scipy 1.18.1 | pyfftw 0.15.1 | FFTW None

## Complex FFT (ns/op | GFLOP/s)
        N                   FFTW                  numpy                  scipy
      256           1,718 (5.96)           9,924 (1.03)           7,803 (1.31)
     1024           7,657 (6.69)          19,041 (2.69)          14,626 (3.50)
     4096          40,602 (6.05)          60,335 (4.07)          48,073 (5.11)
    65536       1,061,304 (4.94)       2,262,059 (2.32)       1,475,942 (3.55)
  1048576      28,259,083 (3.71)      44,352,443 (2.36)      31,902,085 (3.29)
     1000           8,814 (5.65)          19,432 (2.56)          15,415 (3.23)
     1080           9,076 (6.00)          22,125 (2.46)          16,788 (3.24)
     1920          16,922 (6.19)          33,019 (3.17)          25,942 (4.04)
     1009          48,666 (1.03)          96,178 (0.52)          57,933 (0.87)
     1296          10,873 (6.16)          24,934 (2.69)          19,801 (3.38)
    10007         685,022 (0.97)       1,037,037 (0.64)         758,904 (0.88)

## Real RFFT (ns/op | GFLOP/s)
        N                   FFTW                  numpy                  scipy
      256             863 (5.93)           8,907 (0.57)           7,947 (0.64)
     1024           3,899 (6.57)          14,471 (1.77)          12,723 (2.01)
     4096          18,824 (6.53)          37,582 (3.27)          32,992 (3.72)
    65536         520,985 (5.03)         739,238 (3.55)         771,994 (3.40)
  1048576      12,798,113 (4.10)      20,943,512 (2.50)      18,788,209 (2.79)
     1000           4,425 (5.63)          15,432 (1.61)          13,258 (1.88)
     1080           4,508 (6.04)          16,429 (1.66)          14,220 (1.91)
     1920           7,829 (6.69)          22,090 (2.37)          19,037 (2.75)

## 2-D FFT2 (ns/op | GFLOP/s)
    shape                   FFTW                  numpy                  scipy
    64x64          39,908 (6.16)          73,104 (3.36)          50,551 (4.86)
  128x128         196,753 (5.83)         258,046 (4.44)         203,020 (5.65)
  256x256       1,016,235 (5.16)       1,115,125 (4.70)         968,471 (5.41)
  512x512       4,915,645 (4.80)       5,921,723 (3.98)       4,327,970 (5.45)
1024x1024      25,919,394 (4.05)      26,171,978 (4.01)      20,093,761 (5.22)
wrote REPORT.md
done
