==> [1/5] correctness gate
CORRECTNESS: all 24 go-fft transforms match numpy.fft (rtol=1e-09, atol=1e-07)
==> [2/5] Go benchmarks
BenchmarkFFT2Plan_GoFFT/1024x1024  	      62	  18798726 ns/op
BenchmarkFFT2Plan_GoFFT/1024x1024  	      64	  18310594 ns/op
PASS
==> [3/5] plan cost
==> [4/5] native FFTW
# FFTW fftw-3.3.10-neon (native, 1 thread, FFTW_MEASURE)

## Complex FFT (ns/op | GFLOP/s | plan ns)
      256          1152     8.89       4213877
     1024          6330     8.09       3273427
     4096         41093     5.98       6403696
    65536       1290294     4.06      22136958
  1048576      45363293     2.31      19918818
     1000          7146     6.97       4686601
     1080          7666     7.10      12494793
     1920         13495     7.76      17303556
     1009         48501     1.04       6169617
     1296         11432     5.86      10544976
    10007        603152     1.10      36454491

## Real RFFT (ns/op | GFLOP/s | plan ns)
      256           719     7.12       2464904
     1024          4196     6.10       5418530
     4096         19883     6.18       9401806
    65536        567518     4.62      23222653
  1048576      19326364     2.71      68372032
     1000          3943     6.32       6751385
     1080          4215     6.46      14869699
     1920          7358     7.11      27827339

## Real inverse IRFFT c2r (ns/op | GFLOP/s | plan ns)
      256           821     6.23       2517423
     1024          4439     5.77       6112097
     4096         20994     5.85      11092903
    65536        668696     3.92      27310416
  1048576      23366376     2.24      68904249
     1000          4251     5.86       8032955
     1080          4446     6.12      17922251
     1920          7864     6.66      34761330

## 2-D FFT2 (ns/op | GFLOP/s | plan ns)
   64x64            31126     7.90       2189860
  128x128          193003     5.94       3957957
  256x256         1242463     4.22       3905959
  512x512         6788895     3.48       8022517
 1024x1024       42806147     2.45       8183278
==> [5/5] numpy/scipy
# numpy 2.5.3 | scipy 1.18.1 | pyfftw 0.15.1 | FFTW None

## Complex FFT (ns/op | GFLOP/s)
        N                   FFTW                  numpy                  scipy
      256           1,692 (6.05)           9,433 (1.09)           7,699 (1.33)
     1024           7,772 (6.59)          19,209 (2.67)          14,652 (3.49)
     4096          40,427 (6.08)          59,469 (4.13)          47,958 (5.12)
    65536       1,049,082 (5.00)       2,193,878 (2.39)       1,402,015 (3.74)
  1048576      28,073,494 (3.74)      44,270,961 (2.37)      31,275,982 (3.35)
     1000           8,940 (5.57)          20,395 (2.44)          15,507 (3.21)
     1080           9,012 (6.04)          21,958 (2.48)          17,014 (3.20)
     1920          16,721 (6.26)          32,645 (3.21)          25,891 (4.04)
     1009          48,086 (1.05)          97,169 (0.52)          57,619 (0.87)
     1296          10,972 (6.11)          24,848 (2.70)          19,757 (3.39)
    10007         686,529 (0.97)       1,016,395 (0.65)         759,897 (0.87)

## Real RFFT (ns/op | GFLOP/s)
        N                   FFTW                  numpy                  scipy
      256             869 (5.89)           8,562 (0.60)           7,877 (0.65)
     1024           3,873 (6.61)          14,272 (1.79)          12,654 (2.02)
     4096          18,840 (6.52)          37,204 (3.30)          32,953 (3.73)
    65536         524,123 (5.00)         727,137 (3.61)         758,131 (3.46)
  1048576      12,813,187 (4.09)      19,965,424 (2.63)      18,489,684 (2.84)
     1000           4,383 (5.68)          15,468 (1.61)          12,907 (1.93)
     1080           4,490 (6.06)          16,086 (1.69)          14,324 (1.90)
     1920           7,867 (6.65)          22,052 (2.37)          19,203 (2.73)

## 2-D FFT2 (ns/op | GFLOP/s)
    shape                   FFTW                  numpy                  scipy
    64x64          40,530 (6.06)          70,899 (3.47)          51,360 (4.79)
  128x128         199,392 (5.75)         258,257 (4.44)         203,259 (5.64)
  256x256       1,017,717 (5.15)       1,174,655 (4.46)         908,475 (5.77)
  512x512       4,856,299 (4.86)       5,479,374 (4.31)       4,252,946 (5.55)
1024x1024      24,670,866 (4.25)      26,311,587 (3.99)      20,151,619 (5.20)
wrote REPORT.md
done
