==> [1/5] correctness gate
CORRECTNESS: all 24 go-fft transforms match numpy.fft (rtol=1e-09, atol=1e-07)
==> [2/5] Go benchmarks
BenchmarkFFT2Plan_GoFFT/1024x1024  	      63	  18100506 ns/op
BenchmarkFFT2Plan_GoFFT/1024x1024  	      67	  17676140 ns/op
PASS
==> [3/5] plan cost
==> [4/5] native FFTW
# FFTW fftw-3.3.10-sse2-avx-avx2-avx2_128-avx512 (native, 1 thread, FFTW_MEASURE)

## Complex FFT (ns/op | GFLOP/s | plan ns)
      256           371    27.62      68019932
     1024          2163    23.68     128196232
     4096         12812    19.18     278158121
    65536        410535    12.77    3126714643
  1048576      26854012     3.90    8498581467
     1000          2743    18.17     142189592
     1080          3006    18.10     340762354
     1920          4909    21.33     564089129
     1009         31027     1.62     136443678
     1296          3666    18.28     258347696
    10007        364136     1.83    1502228655

## Real RFFT (ns/op | GFLOP/s | plan ns)
      256           361    14.17      76909646
     1024          1514    16.90     160251010
     4096          7562    16.25     289159290
    65536        187689    13.97    1909467274
  1048576      10146152     5.17   40430603506
     1000          1860    13.39     157653164
     1080          2272    11.98     324527495
     1920          3470    15.09     722215107

## Real inverse IRFFT c2r (ns/op | GFLOP/s | plan ns)
      256           528     9.69      77236332
     1024          1921    13.33     178811185
     4096          8354    14.71     341142723
    65536        209082    12.54    2559258606
  1048576       9065703     5.78   46795843810
     1000          2249    11.08     180443732
     1080          2302    11.82     412902096
     1920          3964    13.21     937365478

## 2-D FFT2 (ns/op | GFLOP/s | plan ns)
   64x64            16711    14.71     107871566
  128x128           72018    15.93     154788451
  256x256          469889    11.16     170501169
  512x512         2404719     9.81     285440227
 1024x1024       25332221     4.14     819123404
==> [5/5] numpy/scipy
# numpy 2.5.3 | scipy 1.18.1 | pyfftw 0.15.1 | FFTW None

## Complex FFT (ns/op | GFLOP/s)
        N                   FFTW                  numpy                  scipy
      256            682 (15.01)           8,656 (1.18)           6,607 (1.55)
     1024          2,889 (17.72)          17,072 (3.00)          12,050 (4.25)
     4096         16,541 (14.86)          58,455 (4.20)          45,083 (5.45)
    65536         578,257 (9.07)       1,935,782 (2.71)       1,297,542 (4.04)
  1048576      26,169,475 (4.01)      48,722,343 (2.15)      41,998,993 (2.50)
     1000          3,935 (12.66)          16,809 (2.96)          14,296 (3.49)
     1080          4,652 (11.70)          20,104 (2.71)          13,546 (4.02)
     1920          7,108 (14.73)          31,191 (3.36)          23,252 (4.50)
     1009          34,355 (1.47)          80,171 (0.63)          55,208 (0.91)
     1296          5,893 (11.37)          20,491 (3.27)          16,137 (4.15)
    10007         381,159 (1.74)         887,674 (0.75)         727,091 (0.91)

## Real RFFT (ns/op | GFLOP/s)
        N                   FFTW                  numpy                  scipy
      256             534 (9.59)           6,569 (0.78)           7,440 (0.69)
     1024          1,780 (14.38)          12,583 (2.03)          10,471 (2.44)
     4096          8,679 (14.16)          32,651 (3.76)          32,255 (3.81)
    65536        241,646 (10.85)         612,738 (4.28)         690,161 (3.80)
  1048576       9,864,038 (5.32)      29,585,862 (1.77)      22,989,628 (2.28)
     1000          2,204 (11.31)          14,099 (1.77)          12,361 (2.02)
     1080          2,514 (10.82)          13,577 (2.00)          12,706 (2.14)
     1920          3,919 (13.36)          18,010 (2.91)          17,495 (2.99)

## 2-D FFT2 (ns/op | GFLOP/s)
    shape                   FFTW                  numpy                  scipy
    64x64         15,201 (16.17)          55,500 (4.43)          47,003 (5.23)
  128x128         72,791 (15.76)         202,559 (5.66)         172,497 (6.65)
  256x256         549,882 (9.53)         912,681 (5.74)         757,490 (6.92)
  512x512       3,149,675 (7.49)       6,508,045 (3.63)       4,567,777 (5.17)
1024x1024      17,170,836 (6.11)      31,252,721 (3.36)      27,605,362 (3.80)
wrote REPORT.md
done
