==> [1/5] correctness gate
CORRECTNESS: all 24 go-fft transforms match numpy.fft (rtol=1e-09, atol=1e-07)
==> [2/5] Go benchmarks
BenchmarkFFT2Plan_GoFFT/1024x1024  	      70	  17195289 ns/op
BenchmarkFFT2Plan_GoFFT/1024x1024  	      72	  17033250 ns/op
PASS
==> [3/5] plan cost
==> [4/5] native FFTW
# FFTW fftw-3.3.10-sse2-avx-avx2-avx2_128-avx512 (native, 1 thread, FFTW_MEASURE)

## Complex FFT (ns/op | GFLOP/s | plan ns)
      256           358    28.59      69238905
     1024          2106    24.32     127508488
     4096         13129    18.72     279539630
    65536        405843    12.92    3109774124
  1048576      26762596     3.92    8227649469
     1000          2719    18.33     144958613
     1080          3018    18.03     349513482
     1920          5190    20.17     565691305
     1009         30717     1.64     137711942
     1296          3690    18.16     260078624
    10007        360083     1.85    1510494467

## Real RFFT (ns/op | GFLOP/s | plan ns)
      256           359    14.27      76930186
     1024          1569    16.32     159003265
     4096          7797    15.76     288567178
    65536        190911    13.73    1922330393
  1048576       6985496     7.51   35451971604
     1000          1931    12.90     157243222
     1080          2229    12.20     321814174
     1920          3480    15.04     704520747

## Real inverse IRFFT c2r (ns/op | GFLOP/s | plan ns)
      256           516     9.93      76174410
     1024          1872    13.68     175760305
     4096          8679    14.16     349618688
    65536        217437    12.06    2618036622
  1048576       9006281     5.82   44473804194
     1000          2277    10.94     180434223
     1080          2471    11.01     412358543
     1920          3965    13.20     938066600

## 2-D FFT2 (ns/op | GFLOP/s | plan ns)
   64x64            17083    14.39     108160522
  128x128           82335    13.93     154754318
  256x256          571585     9.17     190606622
  512x512         2290103    10.30     287900256
 1024x1024       13657412     7.68     692704851
==> [5/5] numpy/scipy
# numpy 2.5.3 | scipy 1.18.1 | pyfftw 0.15.1 | FFTW None

## Complex FFT (ns/op | GFLOP/s)
        N                   FFTW                  numpy                  scipy
      256            702 (14.59)           8,957 (1.14)           6,486 (1.58)
     1024          2,988 (17.14)          16,705 (3.06)          11,919 (4.30)
     4096         16,547 (14.85)          62,432 (3.94)          51,891 (4.74)
    65536         571,647 (9.17)       1,837,948 (2.85)       1,343,861 (3.90)
  1048576      27,380,948 (3.83)      50,601,541 (2.07)      40,516,075 (2.59)
     1000          4,020 (12.40)          17,148 (2.91)          13,996 (3.56)
     1080          4,618 (11.78)          20,892 (2.60)          13,379 (4.07)
     1920          7,403 (14.14)          31,937 (3.28)          23,761 (4.41)
     1009          34,377 (1.46)          80,964 (0.62)          57,288 (0.88)
     1296          5,702 (11.75)          21,452 (3.12)          15,983 (4.19)
    10007         390,588 (1.70)       1,090,637 (0.61)         858,640 (0.77)

## Real RFFT (ns/op | GFLOP/s)
        N                   FFTW                  numpy                  scipy
      256             615 (8.33)           8,076 (0.63)           7,886 (0.65)
     1024          2,100 (12.19)          14,735 (1.74)          12,805 (2.00)
     4096          9,845 (12.48)          41,013 (3.00)          35,885 (3.42)
    65536         275,852 (9.50)         707,918 (3.70)         818,189 (3.20)
  1048576       9,819,376 (5.34)      20,352,466 (2.58)      21,437,851 (2.45)
     1000           2,688 (9.27)          15,996 (1.56)          13,590 (1.83)
     1080           2,846 (9.56)          17,223 (1.58)          14,118 (1.93)
     1920          4,767 (10.98)          23,213 (2.26)          19,694 (2.66)

## 2-D FFT2 (ns/op | GFLOP/s)
    shape                   FFTW                  numpy                  scipy
    64x64         16,826 (14.61)          68,825 (3.57)          51,467 (4.78)
  128x128         81,699 (14.04)         236,657 (4.85)         210,475 (5.45)
  256x256         641,171 (8.18)       1,009,328 (5.19)         864,931 (6.06)
  512x512       3,238,682 (7.28)       5,627,385 (4.19)       4,077,722 (5.79)
1024x1024      23,730,733 (4.42)      33,543,339 (3.13)      27,962,636 (3.75)
wrote REPORT.md
done
