==> [1/5] correctness gate
CORRECTNESS: all 24 go-fft transforms match numpy.fft (rtol=1e-09, atol=1e-07)
==> [2/5] Go benchmarks
BenchmarkFFT2Plan_GoFFT/1024x1024  	      76	  15533508 ns/op
BenchmarkFFT2Plan_GoFFT/1024x1024  	      76	  15546939 ns/op
PASS
==> [3/5] plan cost
==> [4/5] native FFTW
# FFTW fftw-3.3.10-sse2-avx-avx2-avx2_128-avx512 (native, 1 thread, FFTW_MEASURE)

## Complex FFT (ns/op | GFLOP/s | plan ns)
      256           362    28.31      68346271
     1024          2100    24.38     125888404
     4096         12886    19.07     279302996
    65536        399368    13.13    3075494286
  1048576      26890123     3.90    8320670858
     1000          2683    18.57     145080132
     1080          2985    18.23     344980817
     1920          4937    21.21     565386498
     1009         30298     1.66     134909119
     1296          3663    18.29     258416763
    10007        363151     1.83    1511307914

## Real RFFT (ns/op | GFLOP/s | plan ns)
      256           359    14.24      77424068
     1024          1502    17.04     160912316
     4096          7527    16.32     290908193
    65536        189003    13.87    1849845501
  1048576      10217340     5.13   36113218572
     1000          1902    13.10     157101095
     1080          2239    12.15     322050095
     1920          3473    15.08     701854292

## Real inverse IRFFT c2r (ns/op | GFLOP/s | plan ns)
      256           502    10.21      75568294
     1024          1864    13.73     175707357
     4096          8558    14.36     333841205
    65536        211379    12.40    2551900223
  1048576       9197267     5.70   45959383965
     1000          2264    11.00     180772444
     1080          2551    10.66     412805784
     1920          4215    12.42     994318098

## 2-D FFT2 (ns/op | GFLOP/s | plan ns)
   64x64            15106    16.27     109007826
  128x128           82034    13.98     158121714
  256x256          482312    10.87     170229800
  512x512         2587407     9.12     287003361
 1024x1024       27340037     3.84     815460028
==> [5/5] numpy/scipy
# numpy 2.5.3 | scipy 1.18.1 | pyfftw 0.15.1 | FFTW None

## Complex FFT (ns/op | GFLOP/s)
        N                   FFTW                  numpy                  scipy
      256            700 (14.63)           9,038 (1.13)           6,523 (1.57)
     1024          2,975 (17.21)          16,471 (3.11)          12,039 (4.25)
     4096         16,798 (14.63)          57,370 (4.28)          44,923 (5.47)
    65536         561,832 (9.33)       1,879,838 (2.79)       1,377,911 (3.80)
  1048576      27,800,015 (3.77)      50,179,724 (2.09)      40,982,757 (2.56)
     1000          3,936 (12.66)          17,223 (2.89)          14,140 (3.52)
     1080          4,555 (11.95)          20,751 (2.62)          13,394 (4.06)
     1920          7,189 (14.56)          31,418 (3.33)          24,046 (4.35)
     1009          34,803 (1.45)          82,826 (0.61)          57,247 (0.88)
     1296          6,027 (11.12)          20,939 (3.20)          16,139 (4.15)
    10007         390,733 (1.70)         934,617 (0.71)         730,341 (0.91)

## Real RFFT (ns/op | GFLOP/s)
        N                   FFTW                  numpy                  scipy
      256             531 (9.65)           6,571 (0.78)           6,915 (0.74)
     1024          1,772 (14.45)          13,017 (1.97)          11,922 (2.15)
     4096          8,735 (14.07)          33,234 (3.70)          31,761 (3.87)
    65536        236,868 (11.07)         597,272 (4.39)         693,763 (3.78)
  1048576       9,598,174 (5.46)      20,536,433 (2.55)      21,245,661 (2.47)
     1000          2,246 (11.09)          14,373 (1.73)          12,407 (2.01)
     1080          2,541 (10.71)          14,064 (1.93)          12,891 (2.11)
     1920          4,089 (12.80)          18,021 (2.91)          17,494 (2.99)

## 2-D FFT2 (ns/op | GFLOP/s)
    shape                   FFTW                  numpy                  scipy
    64x64         15,388 (15.97)          55,454 (4.43)          46,364 (5.30)
  128x128         72,957 (15.72)         205,519 (5.58)         174,725 (6.56)
  256x256         544,138 (9.64)         872,365 (6.01)         755,604 (6.94)
  512x512       2,934,647 (8.04)       5,729,935 (4.12)       3,601,749 (6.55)
1024x1024      24,116,985 (4.35)      30,539,076 (3.43)      26,220,127 (4.00)
wrote REPORT.md
done
