==> [1/5] correctness gate
CORRECTNESS: all 24 go-fft transforms match numpy.fft (rtol=1e-09, atol=1e-07)
==> [2/5] Go benchmarks
BenchmarkFFT2Plan_GoFFT/1024x1024  	      73	  16602922 ns/op
BenchmarkFFT2Plan_GoFFT/1024x1024  	      72	  16594246 ns/op
PASS
==> [3/5] plan cost
==> [4/5] native FFTW
# FFTW fftw-3.3.10-sse2-avx-avx2-avx2_128-avx512 (native, 1 thread, FFTW_MEASURE)

## Complex FFT (ns/op | GFLOP/s | plan ns)
      256           382    26.83      68478929
     1024          2134    23.99     126771938
     4096         13522    18.17     277663847
    65536        407660    12.86    3090051739
  1048576      27383664     3.83    8323094817
     1000          2777    17.94     143300239
     1080          2991    18.19     350163201
     1920          4965    21.09     566216508
     1009         30710     1.64     135915579
     1296          3644    18.39     258969462
    10007        364239     1.83    1505619565

## Real RFFT (ns/op | GFLOP/s | plan ns)
      256           364    14.08      77617664
     1024          1523    16.81     160936596
     4096          7595    16.18     294535128
    65536        196888    13.31    1878705868
  1048576       7387786     7.10   34334740711
     1000          1873    13.30     158277271
     1080          2019    13.48     322193816
     1920          3418    15.32     700845810

## Real inverse IRFFT c2r (ns/op | GFLOP/s | plan ns)
      256           540     9.49      75818228
     1024          1846    13.87     175608248
     4096          8330    14.75     333327074
    65536        213370    12.29    2546605982
  1048576       9117409     5.75   45054489423
     1000          2311    10.78     179689629
     1080          2526    10.77     412134953
     1920          3932    13.31     950004820

## 2-D FFT2 (ns/op | GFLOP/s | plan ns)
   64x64            17042    14.42      96182302
  128x128           69930    16.40     152168671
  256x256          482313    10.87     169731168
  512x512         2359481    10.00     287699508
 1024x1024       17649444     5.94     792046074
==> [5/5] numpy/scipy
# numpy 2.5.3 | scipy 1.18.1 | pyfftw 0.15.1 | FFTW None

## Complex FFT (ns/op | GFLOP/s)
        N                   FFTW                  numpy                  scipy
      256            677 (15.12)           8,662 (1.18)           6,374 (1.61)
     1024          2,938 (17.43)          15,893 (3.22)          13,349 (3.84)
     4096         16,739 (14.68)          58,600 (4.19)          47,097 (5.22)
    65536         585,532 (8.95)       1,849,774 (2.83)       1,389,505 (3.77)
  1048576      26,011,580 (4.03)      50,109,738 (2.09)      42,124,835 (2.49)
     1000          3,970 (12.55)          16,716 (2.98)          13,825 (3.60)
     1080          4,601 (11.83)          20,080 (2.71)          14,001 (3.89)
     1920          7,341 (14.26)          31,223 (3.35)          23,383 (4.48)
     1009          34,522 (1.46)          80,618 (0.62)          56,770 (0.89)
     1296          5,743 (11.67)          22,794 (2.94)          18,538 (3.61)
    10007         388,128 (1.71)         969,677 (0.69)         736,503 (0.90)

## Real RFFT (ns/op | GFLOP/s)
        N                   FFTW                  numpy                  scipy
      256             526 (9.74)           6,582 (0.78)           6,959 (0.74)
     1024          1,806 (14.17)          12,934 (1.98)          10,627 (2.41)
     4096          8,646 (14.21)          34,413 (3.57)          31,554 (3.89)
    65536        237,354 (11.04)         608,322 (4.31)         694,786 (3.77)
  1048576       9,734,196 (5.39)      32,346,174 (1.62)      26,850,869 (1.95)
     1000          2,269 (10.98)          12,782 (1.95)          11,199 (2.22)
     1080          2,514 (10.82)          13,459 (2.02)          12,383 (2.20)
     1920          3,980 (13.15)          18,296 (2.86)          17,749 (2.95)

## 2-D FFT2 (ns/op | GFLOP/s)
    shape                   FFTW                  numpy                  scipy
    64x64         16,451 (14.94)          54,435 (4.51)          44,707 (5.50)
  128x128         77,446 (14.81)         211,820 (5.41)         173,406 (6.61)
  256x256         573,215 (9.15)         937,168 (5.59)         762,220 (6.88)
  512x512       2,595,170 (9.09)       4,769,061 (4.95)       3,501,876 (6.74)
1024x1024      18,153,209 (5.78)      30,429,946 (3.45)      26,601,115 (3.94)
wrote REPORT.md
done
