==> [1/5] correctness gate
CORRECTNESS: all 24 go-fft transforms match numpy.fft (rtol=1e-09, atol=1e-07)
==> [2/5] Go benchmarks
BenchmarkFFT2Plan_GoFFT/1024x1024  	     194	   6198647 ns/op
BenchmarkFFT2Plan_GoFFT/1024x1024  	     188	   6077566 ns/op
PASS
==> [3/5] plan cost
==> [4/5] native FFTW
# FFTW fftw-3.3.10-sse2-avx-avx2-avx2_128 (native, 1 thread, FFTW_MEASURE)

## Complex FFT (ns/op | GFLOP/s | plan ns)
      256           285    35.90      71570943
     1024          1563    32.75     130490929
     4096         10264    23.94     239440089
    65536        298712    17.55    2278788866
  1048576      11136196     9.42    3990887413
     1000          2080    23.96     151451559
     1080          2261    24.06     365071326
     1920          3713    28.20     569512449
     1009         20176     2.50     147293797
     1296          3532    18.97     279754297
    10007        216728     3.07    1326643973

## Real RFFT (ns/op | GFLOP/s | plan ns)
      256           236    21.72      89155140
     1024          1011    25.31     180162622
     4096          5435    22.61     285511080
    65536        150535    17.41    1440127534
  1048576       3807252    13.77   19891773539
     1000          1255    19.86     219145659
     1080          1322    20.58     374863480
     1920          2290    22.86     784652406

## Real inverse IRFFT c2r (ns/op | GFLOP/s | plan ns)
      256           348    14.70      80630247
     1024          1202    21.30     193508898
     4096          5783    21.25     331425271
    65536        162775    16.10    2100579544
  1048576       4162154    12.60   24609849413
     1000          1463    17.02     215234688
     1080          1600    17.00     503541749
     1920          2754    19.01    1059050831

## 2-D FFT2 (ns/op | GFLOP/s | plan ns)
   64x64            11507    21.36     107818549
  128x128           65910    17.40     156271191
  256x256          283824    18.47     178751942
  512x512         1265978    18.64     267249892
 1024x1024        6289000    16.67     537440255
==> [5/5] numpy/scipy
# numpy 2.5.3 | scipy 1.18.1 | pyfftw 0.15.1 | FFTW None

## Complex FFT (ns/op | GFLOP/s)
        N                   FFTW                  numpy                  scipy
      256            555 (18.46)           6,684 (1.53)           5,518 (1.86)
     1024          1,967 (26.03)          12,853 (3.98)           9,611 (5.33)
     4096         12,402 (19.82)          44,564 (5.51)          33,085 (7.43)
    65536        334,835 (15.66)       1,869,327 (2.80)         921,098 (5.69)
  1048576      11,741,262 (8.93)      22,590,235 (4.64)      13,883,392 (7.55)
     1000          2,552 (19.53)          13,751 (3.62)          10,166 (4.90)
     1080          3,407 (15.97)          14,540 (3.74)          11,439 (4.76)
     1920          5,069 (20.66)          21,240 (4.93)          16,506 (6.34)
     1009          27,686 (1.82)          60,658 (0.83)          39,248 (1.28)
     1296          4,151 (16.14)          16,209 (4.13)          12,774 (5.25)
    10007         270,812 (2.46)         636,252 (1.05)         470,823 (1.41)

## Real RFFT (ns/op | GFLOP/s)
        N                   FFTW                  numpy                  scipy
      256            412 (12.43)           6,041 (0.85)           5,524 (0.93)
     1024          1,317 (19.44)           9,628 (2.66)           8,365 (3.06)
     4096          6,092 (20.17)          25,361 (4.85)          22,890 (5.37)
    65536        175,488 (14.94)         455,666 (5.75)         502,587 (5.22)
  1048576      4,165,990 (12.58)       8,355,431 (6.27)      10,112,933 (5.18)
     1000          1,666 (14.95)          11,208 (2.22)           9,315 (2.67)
     1080          1,954 (13.92)          11,455 (2.38)           9,397 (2.90)
     1920          2,979 (17.58)          15,010 (3.49)          13,461 (3.89)

## 2-D FFT2 (ns/op | GFLOP/s)
    shape                   FFTW                  numpy                  scipy
    64x64         11,547 (21.28)          50,146 (4.90)          32,932 (7.46)
  128x128         64,261 (17.85)         142,132 (8.07)         126,083 (9.10)
  256x256        353,475 (14.83)         715,377 (7.33)        464,287 (11.29)
  512x512      1,570,388 (15.02)       2,831,169 (8.33)      1,891,886 (12.47)
1024x1024      7,554,502 (13.88)      14,556,452 (7.20)      9,289,554 (11.29)
wrote REPORT.md
done
