==> [1/5] correctness gate
CORRECTNESS: all 24 go-fft transforms match numpy.fft (rtol=1e-09, atol=1e-07)
==> [2/5] Go benchmarks
BenchmarkFFT2Plan_GoFFT/1024x1024  	     192	   6251216 ns/op
BenchmarkFFT2Plan_GoFFT/1024x1024  	     194	   6435773 ns/op
PASS
==> [3/5] plan cost
==> [4/5] native FFTW
# FFTW fftw-3.3.10-sse2-avx-avx2-avx2_128 (native, 1 thread, FFTW_MEASURE)

## Complex FFT (ns/op | GFLOP/s | plan ns)
      256           274    37.40      72030393
     1024          1537    33.32     137713013
     4096         10312    23.83     245486852
    65536        292016    17.95    2154160409
  1048576      11334112     9.25    4062388286
     1000          2014    24.74     155792441
     1080          2382    22.85     368142917
     1920          3840    27.27     579209713
     1009         20272     2.48     141118464
     1296          2984    22.45     272136394
    10007        215063     3.09    1286269905

## Real RFFT (ns/op | GFLOP/s | plan ns)
      256           227    22.56      85833549
     1024           993    25.78     183918934
     4096          5329    23.06     271215473
    65536        163042    16.08    1446601817
  1048576       3720999    14.09   19679961663
     1000          1229    20.28     189168096
     1080          1309    20.79     370973578
     1920          2300    22.76     785482147

## Real inverse IRFFT c2r (ns/op | GFLOP/s | plan ns)
      256           348    14.71      80251916
     1024          1195    21.43     188544566
     4096          5720    21.48     330023960
    65536        165899    15.80    2061341286
  1048576       4067449    12.89   24323499873
     1000          1423    17.51     207589195
     1080          1534    17.74     475662057
     1920          2781    18.82    1019766933

## 2-D FFT2 (ns/op | GFLOP/s | plan ns)
   64x64            10654    23.07     109800439
  128x128           62349    18.39     153665440
  256x256          288225    18.19     181598903
  512x512         1347993    17.50     270068803
 1024x1024        6337853    16.54     538668135
==> [5/5] numpy/scipy
# numpy 2.5.3 | scipy 1.18.1 | pyfftw 0.15.1 | FFTW None

## Complex FFT (ns/op | GFLOP/s)
        N                   FFTW                  numpy                  scipy
      256            552 (18.57)           7,063 (1.45)           5,335 (1.92)
     1024          2,000 (25.60)          13,526 (3.79)           9,562 (5.35)
     4096         12,296 (19.99)          44,600 (5.51)          32,901 (7.47)
    65536        336,639 (15.57)       1,868,270 (2.81)         913,689 (5.74)
  1048576      12,004,917 (8.73)      26,179,601 (4.01)      15,173,396 (6.91)
     1000          2,571 (19.38)          13,972 (3.57)          10,333 (4.82)
     1080          3,296 (16.51)          14,956 (3.64)          11,106 (4.90)
     1920          4,832 (21.67)          21,992 (4.76)          16,235 (6.45)
     1009          22,689 (2.22)          62,977 (0.80)          38,482 (1.31)
     1296          4,201 (15.95)          17,181 (3.90)          12,950 (5.17)
    10007         284,367 (2.34)         684,450 (0.97)         470,831 (1.41)

## Real RFFT (ns/op | GFLOP/s)
        N                   FFTW                  numpy                  scipy
      256            420 (12.19)           6,175 (0.83)           5,351 (0.96)
     1024          1,345 (19.03)          10,395 (2.46)           8,569 (2.99)
     4096          6,120 (20.08)          25,022 (4.91)          22,116 (5.56)
    65536        174,862 (14.99)         401,412 (6.53)         495,309 (5.29)
  1048576      4,060,109 (12.91)       8,742,824 (6.00)      10,328,897 (5.08)
     1000          1,599 (15.58)          10,574 (2.36)           8,552 (2.91)
     1080          1,832 (14.85)          11,426 (2.38)           8,983 (3.03)
     1920          2,878 (18.19)          14,717 (3.56)          12,252 (4.27)

## 2-D FFT2 (ns/op | GFLOP/s)
    shape                   FFTW                  numpy                  scipy
    64x64         11,090 (22.16)          50,121 (4.90)          39,282 (6.26)
  128x128         66,901 (17.14)         143,863 (7.97)         125,115 (9.17)
  256x256        344,976 (15.20)         720,633 (7.28)        454,984 (11.52)
  512x512      1,538,618 (15.33)       3,032,459 (7.78)      1,909,039 (12.36)
1024x1024      7,662,366 (13.68)      13,897,244 (7.55)      9,386,778 (11.17)
wrote REPORT.md
done
