==> [1/5] correctness gate
CORRECTNESS: all 24 go-fft transforms match numpy.fft (rtol=1e-09, atol=1e-07)
==> [2/5] Go benchmarks
BenchmarkFFT2Plan_GoFFT/1024x1024  	      63	  19094852 ns/op
BenchmarkFFT2Plan_GoFFT/1024x1024  	      63	  18700020 ns/op
PASS
==> [3/5] plan cost
==> [4/5] native FFTW
# FFTW fftw-3.3.10-neon (native, 1 thread, FFTW_MEASURE)

## Complex FFT (ns/op | GFLOP/s | plan ns)
      256          1156     8.86       4460460
     1024          6403     8.00       3373446
     4096         41076     5.98       6299565
    65536       1225599     4.28      21904377
  1048576      44838682     2.34      19990349
     1000          7240     6.88       4767265
     1080          7759     7.01      12726773
     1920         13599     7.70      17392434
     1009         48235     1.04       6089842
     1296         11433     5.86      10621024
    10007        596562     1.11      35595402

## Real RFFT (ns/op | GFLOP/s | plan ns)
      256           722     7.09       2408234
     1024          4246     6.03       5364593
     4096         19925     6.17       9509770
    65536        548138     4.78      22305824
  1048576      18196177     2.88      68046324
     1000          3960     6.29       6697251
     1080          4234     6.43      15216967
     1920          7443     7.03      28993994

## Real inverse IRFFT c2r (ns/op | GFLOP/s | plan ns)
      256           815     6.28       2652995
     1024          4467     5.73       5955800
     4096         21194     5.80      11053830
    65536        650605     4.03      27590254
  1048576      21319125     2.46      69052178
     1000          4243     5.87       7607503
     1080          4428     6.14      17513959
     1920          7826     6.69      34677632

## 2-D FFT2 (ns/op | GFLOP/s | plan ns)
   64x64            30977     7.93       2511354
  128x128          191626     5.98       3963733
  256x256         1305920     4.01       3940374
  512x512         7031556     3.36       7773226
 1024x1024       43863647     2.39       8250032
==> [5/5] numpy/scipy
# numpy 2.5.3 | scipy 1.18.1 | pyfftw 0.15.1 | FFTW None

## Complex FFT (ns/op | GFLOP/s)
        N                   FFTW                  numpy                  scipy
      256           1,692 (6.05)           9,523 (1.08)           7,687 (1.33)
     1024           7,685 (6.66)          18,833 (2.72)          14,594 (3.51)
     4096          40,226 (6.11)          60,699 (4.05)          47,909 (5.13)
    65536       1,047,674 (5.00)       2,289,293 (2.29)       1,525,630 (3.44)
  1048576      29,597,990 (3.54)      48,061,242 (2.18)      31,595,187 (3.32)
     1000           8,783 (5.67)          19,193 (2.60)          15,101 (3.30)
     1080           9,024 (6.03)          21,821 (2.49)          16,834 (3.23)
     1920          16,781 (6.24)          32,884 (3.18)          25,903 (4.04)
     1009          48,671 (1.03)          96,734 (0.52)          57,062 (0.88)
     1296          10,890 (6.15)          24,922 (2.69)          19,736 (3.39)
    10007         682,418 (0.97)       1,040,834 (0.64)         776,648 (0.86)

## Real RFFT (ns/op | GFLOP/s)
        N                   FFTW                  numpy                  scipy
      256             883 (5.80)           8,745 (0.59)           7,755 (0.66)
     1024           3,902 (6.56)          14,350 (1.78)          12,395 (2.07)
     4096          18,914 (6.50)          37,233 (3.30)          32,809 (3.75)
    65536         532,143 (4.93)         738,645 (3.55)         761,683 (3.44)
  1048576      12,608,101 (4.16)      20,593,391 (2.55)      18,652,332 (2.81)
     1000           4,378 (5.69)          15,386 (1.62)          12,617 (1.97)
     1080           4,466 (6.09)          15,964 (1.70)          14,119 (1.93)
     1920           7,846 (6.67)          21,849 (2.40)          19,028 (2.75)

## 2-D FFT2 (ns/op | GFLOP/s)
    shape                   FFTW                  numpy                  scipy
    64x64          39,977 (6.15)          72,063 (3.41)          51,001 (4.82)
  128x128         197,484 (5.81)         255,435 (4.49)         201,133 (5.70)
  256x256       1,019,638 (5.14)       1,110,390 (4.72)         930,762 (5.63)
  512x512       4,980,797 (4.74)       5,424,877 (4.35)       3,822,381 (6.17)
1024x1024      26,217,447 (4.00)      26,563,092 (3.95)      20,845,528 (5.03)
wrote REPORT.md
done
