==> [1/5] correctness gate
CORRECTNESS: all 24 go-fft transforms match numpy.fft (rtol=1e-09, atol=1e-07)
==> [2/5] Go benchmarks
BenchmarkFFT2Plan_GoFFT/1024x1024  	      64	  18590682 ns/op
BenchmarkFFT2Plan_GoFFT/1024x1024  	      61	  18812997 ns/op
PASS
==> [3/5] plan cost
==> [4/5] native FFTW
# FFTW fftw-3.3.10-neon (native, 1 thread, FFTW_MEASURE)

## Complex FFT (ns/op | GFLOP/s | plan ns)
      256          1151     8.90       4514430
     1024          6328     8.09       3292613
     4096         40888     6.01       6320901
    65536       1221095     4.29      21663899
  1048576      44094208     2.38      32740595
     1000          7177     6.94       4834395
     1080          7674     7.09      12626078
     1920         13514     7.75      17323393
     1009         48007     1.05       6124696
     1296         11347     5.90      10444045
    10007        603320     1.10      35382595

## Real RFFT (ns/op | GFLOP/s | plan ns)
      256           719     7.13       2425719
     1024          4224     6.06       5504208
     4096         20037     6.13       9454429
    65536        537833     4.87      22341112
  1048576      18512311     2.83      67945549
     1000          3950     6.31       7096352
     1080          4223     6.44      14900474
     1920          7323     7.15      28158123

## Real inverse IRFFT c2r (ns/op | GFLOP/s | plan ns)
      256           811     6.31       2512479
     1024          4489     5.70       6108817
     4096         21235     5.79      11277618
    65536        641089     4.09      27595114
  1048576      23184870     2.26      72900025
     1000          4283     5.82       8896220
     1080          4460     6.10      18086804
     1920          7889     6.64      34773907

## 2-D FFT2 (ns/op | GFLOP/s | plan ns)
   64x64            30926     7.95       2341596
  128x128          192744     5.95       3946820
  256x256         1279049     4.10       3918422
  512x512         6888753     3.42       8091688
 1024x1024       43639481     2.40       8275010
==> [5/5] numpy/scipy
# numpy 2.5.3 | scipy 1.18.1 | pyfftw 0.15.1 | FFTW None

## Complex FFT (ns/op | GFLOP/s)
        N                   FFTW                  numpy                  scipy
      256           1,681 (6.09)           9,354 (1.09)           7,690 (1.33)
     1024           7,656 (6.69)          18,759 (2.73)          14,600 (3.51)
     4096          40,011 (6.14)          60,561 (4.06)          47,481 (5.18)
    65536       1,058,221 (4.95)       2,185,206 (2.40)       1,463,463 (3.58)
  1048576      29,037,902 (3.61)      46,663,209 (2.25)      32,261,818 (3.25)
     1000           8,933 (5.58)          19,219 (2.59)          15,238 (3.27)
     1080           9,039 (6.02)          21,808 (2.50)          16,755 (3.25)
     1920          16,758 (6.25)          32,706 (3.20)          25,831 (4.05)
     1009          48,356 (1.04)          96,222 (0.52)          57,754 (0.87)
     1296          10,916 (6.14)          24,861 (2.70)          19,678 (3.40)
    10007         691,629 (0.96)       1,046,969 (0.64)         774,843 (0.86)

## Real RFFT (ns/op | GFLOP/s)
        N                   FFTW                  numpy                  scipy
      256             875 (5.85)           8,667 (0.59)           7,877 (0.65)
     1024           3,866 (6.62)          14,264 (1.79)          12,387 (2.07)
     4096          18,915 (6.50)          37,377 (3.29)          32,644 (3.76)
    65536         519,323 (5.05)         735,018 (3.57)         754,573 (3.47)
  1048576      13,249,996 (3.96)      22,884,198 (2.29)      18,681,299 (2.81)
     1000           4,374 (5.70)          15,081 (1.65)          12,594 (1.98)
     1080           4,527 (6.01)          15,976 (1.70)          14,227 (1.91)
     1920           7,826 (6.69)          21,826 (2.40)          19,093 (2.74)

## 2-D FFT2 (ns/op | GFLOP/s)
    shape                   FFTW                  numpy                  scipy
    64x64          39,792 (6.18)          70,197 (3.50)          50,981 (4.82)
  128x128         200,042 (5.73)         251,293 (4.56)         198,796 (5.77)
  256x256         989,106 (5.30)       1,168,257 (4.49)         888,932 (5.90)
  512x512       4,825,650 (4.89)       5,384,215 (4.38)       4,178,945 (5.65)
1024x1024      25,212,987 (4.16)      25,600,683 (4.10)      20,053,601 (5.23)
wrote REPORT.md
done
