==> [1/5] correctness gate
CORRECTNESS: all 24 go-fft transforms match numpy.fft (rtol=1e-09, atol=1e-07)
==> [2/5] Go benchmarks
BenchmarkFFT2Plan_GoFFT/1024x1024  	     178	   6060495 ns/op
BenchmarkFFT2Plan_GoFFT/1024x1024  	     199	   6002581 ns/op
PASS
==> [3/5] plan cost
==> [4/5] native FFTW
# FFTW fftw-3.3.10-sse2-avx-avx2-avx2_128 (native, 1 thread, FFTW_MEASURE)

## Complex FFT (ns/op | GFLOP/s | plan ns)
      256           280    36.57      71244342
     1024          1624    31.52     132018960
     4096         10362    23.72     243743011
    65536        295238    17.76    2266589410
  1048576      11363933     9.23    4141135502
     1000          2029    24.56     153708660
     1080          2350    23.15     367252267
     1920          4271    24.51     570956150
     1009         20933     2.40     143455625
     1296          3206    20.90     272676834
    10007        208930     3.18    1241165234

## Real RFFT (ns/op | GFLOP/s | plan ns)
      256           221    23.13      84478109
     1024           951    26.91     175876260
     4096          5257    23.38     266428891
    65536        153051    17.13    1507851095
  1048576       3730711    14.05   19346846442
     1000          1350    18.46     182018633
     1080          1327    20.50     374656611
     1920          2292    22.84     781197555

## Real inverse IRFFT c2r (ns/op | GFLOP/s | plan ns)
      256           355    14.40      83350138
     1024          1180    21.69     191586907
     4096          5903    20.82     332069191
    65536        166422    15.75    2063997708
  1048576       4142441    12.66   23853380140
     1000          1480    16.84     207248254
     1080          1598    17.02     483501130
     1920          2636    19.86    1029846098

## 2-D FFT2 (ns/op | GFLOP/s | plan ns)
   64x64            10975    22.39     106650588
  128x128           62627    18.31     156295451
  256x256          282813    18.54     181093272
  512x512         1342129    17.58     375542870
 1024x1024        6622667    15.83     553210841
==> [5/5] numpy/scipy
# numpy 2.5.3 | scipy 1.18.1 | pyfftw 0.15.1 | FFTW None

## Complex FFT (ns/op | GFLOP/s)
        N                   FFTW                  numpy                  scipy
      256            567 (18.05)           6,959 (1.47)           5,488 (1.87)
     1024          2,063 (24.82)          13,111 (3.91)           9,812 (5.22)
     4096         12,319 (19.95)          43,309 (5.67)          34,323 (7.16)
    65536        354,684 (14.78)       1,914,789 (2.74)         909,080 (5.77)
  1048576      11,704,009 (8.96)      40,194,491 (2.61)      14,534,897 (7.21)
     1000          2,694 (18.50)          13,731 (3.63)          10,955 (4.55)
     1080          3,255 (16.72)          14,559 (3.74)          10,948 (4.97)
     1920          5,038 (20.78)          23,713 (4.42)          16,366 (6.40)
     1009          23,460 (2.15)          60,667 (0.83)          38,808 (1.30)
     1296          4,107 (16.31)          16,356 (4.10)          12,585 (5.32)
    10007         265,415 (2.51)         645,967 (1.03)         468,146 (1.42)

## Real RFFT (ns/op | GFLOP/s)
        N                   FFTW                  numpy                  scipy
      256            403 (12.70)           6,096 (0.84)           5,209 (0.98)
     1024          1,398 (18.31)           9,508 (2.69)           8,288 (3.09)
     4096          6,160 (19.95)          24,978 (4.92)          21,870 (5.62)
    65536        169,671 (15.45)         404,934 (6.47)         494,993 (5.30)
  1048576      4,074,847 (12.87)       8,289,902 (6.32)      10,264,072 (5.11)
     1000          1,598 (15.59)          10,240 (2.43)           8,617 (2.89)
     1080          1,933 (14.07)          10,838 (2.51)           8,964 (3.04)
     1920          2,865 (18.28)          14,271 (3.67)          11,990 (4.37)

## 2-D FFT2 (ns/op | GFLOP/s)
    shape                   FFTW                  numpy                  scipy
    64x64         11,137 (22.07)          46,543 (5.28)          32,886 (7.47)
  128x128         64,991 (17.65)         147,314 (7.79)         128,327 (8.94)
  256x256        344,347 (15.23)         611,748 (8.57)        458,430 (11.44)
  512x512      1,529,265 (15.43)       2,984,404 (7.91)      1,932,963 (12.21)
1024x1024      7,669,188 (13.67)      13,051,902 (8.03)      9,445,091 (11.10)
wrote REPORT.md
done
