==> [1/5] correctness gate
CORRECTNESS: all 24 go-fft transforms match numpy.fft (rtol=1e-09, atol=1e-07)
==> [2/5] Go benchmarks
BenchmarkFFT2Plan_GoFFT/1024x1024  	      64	  17818614 ns/op
BenchmarkFFT2Plan_GoFFT/1024x1024  	      66	  17940835 ns/op
PASS
==> [3/5] plan cost
==> [4/5] native FFTW
# FFTW fftw-3.3.10-neon (native, 1 thread, FFTW_MEASURE)

## Complex FFT (ns/op | GFLOP/s | plan ns)
      256          1162     8.81       4677936
     1024          6401     8.00       3282787
     4096         41300     5.95       6341649
    65536       1304811     4.02      21475801
  1048576      47552054     2.21      19964809
     1000          7194     6.93       4768180
     1080          7704     7.06      13195869
     1920         13503     7.75      17474838
     1009         48134     1.05       6124925
     1296         11409     5.87      10341290
    10007        615660     1.08      36495866

## Real RFFT (ns/op | GFLOP/s | plan ns)
      256           719     7.12       2426609
     1024          4248     6.03       5519554
     4096         20021     6.14       9590596
    65536        570441     4.60      22891589
  1048576      19647184     2.67      66150311
     1000          3947     6.31       6822301
     1080          4214     6.46      14640298
     1920          7325     7.15      28390700

## Real inverse IRFFT c2r (ns/op | GFLOP/s | plan ns)
      256           808     6.33       2531771
     1024          4467     5.73       5983163
     4096         21140     5.81      11122668
    65536        689244     3.80      27172474
  1048576      23217274     2.26      70128832
     1000          4257     5.85       7994523
     1080          4426     6.15      17614879
     1920          7810     6.70      35578527

## 2-D FFT2 (ns/op | GFLOP/s | plan ns)
   64x64            30944     7.94       2192445
  128x128          193707     5.92       3949121
  256x256         1405655     3.73       4077082
  512x512         7759418     3.04       7908201
 1024x1024       46589220     2.25       8087886
==> [5/5] numpy/scipy
# numpy 2.5.3 | scipy 1.18.1 | pyfftw 0.15.1 | FFTW None

## Complex FFT (ns/op | GFLOP/s)
        N                   FFTW                  numpy                  scipy
      256           1,696 (6.04)           9,482 (1.08)           7,718 (1.33)
     1024           7,673 (6.67)          18,824 (2.72)          14,757 (3.47)
     4096          39,920 (6.16)          60,001 (4.10)          48,260 (5.09)
    65536       1,056,554 (4.96)       2,241,211 (2.34)       1,469,908 (3.57)
  1048576      28,257,519 (3.71)      46,227,090 (2.27)      30,739,035 (3.41)
     1000           8,895 (5.60)          19,588 (2.54)          15,741 (3.17)
     1080           9,103 (5.98)          22,263 (2.44)          16,976 (3.21)
     1920          17,216 (6.08)          33,794 (3.10)          26,583 (3.94)
     1009          48,764 (1.03)          96,995 (0.52)          57,747 (0.87)
     1296          10,965 (6.11)          24,823 (2.70)          19,777 (3.39)
    10007         742,429 (0.90)       1,049,646 (0.63)         759,762 (0.88)

## Real RFFT (ns/op | GFLOP/s)
        N                   FFTW                  numpy                  scipy
      256             862 (5.94)           8,782 (0.58)           7,880 (0.65)
     1024           3,920 (6.53)          14,192 (1.80)          12,516 (2.05)
     4096          19,008 (6.46)          37,156 (3.31)          33,160 (3.71)
    65536         514,872 (5.09)         727,700 (3.60)         773,975 (3.39)
  1048576      13,082,160 (4.01)      21,808,864 (2.40)      19,221,289 (2.73)
     1000           4,393 (5.67)          15,188 (1.64)          12,713 (1.96)
     1080           4,470 (6.09)          15,976 (1.70)          14,036 (1.94)
     1920           7,785 (6.72)          21,935 (2.39)          18,981 (2.76)

## 2-D FFT2 (ns/op | GFLOP/s)
    shape                   FFTW                  numpy                  scipy
    64x64          40,137 (6.12)          71,506 (3.44)          50,094 (4.91)
  128x128         197,045 (5.82)         254,411 (4.51)         199,726 (5.74)
  256x256         987,953 (5.31)       1,088,201 (4.82)         901,638 (5.81)
  512x512       4,792,455 (4.92)       5,275,140 (4.47)       3,934,539 (6.00)
1024x1024      26,068,801 (4.02)      25,750,725 (4.07)      19,913,557 (5.27)
wrote REPORT.md
done
