==> [1/5] correctness gate
CORRECTNESS: all 24 go-fft transforms match numpy.fft (rtol=1e-09, atol=1e-07)
==> [2/5] Go benchmarks
BenchmarkFFT2Plan_GoFFT/1024x1024  	      74	  16024307 ns/op
BenchmarkFFT2Plan_GoFFT/1024x1024  	      75	  15877370 ns/op
PASS
==> [3/5] plan cost
==> [4/5] native FFTW
# FFTW fftw-3.3.10-sse2-avx-avx2-avx2_128-avx512 (native, 1 thread, FFTW_MEASURE)

## Complex FFT (ns/op | GFLOP/s | plan ns)
      256           373    27.48      68444008
     1024          2121    24.14     125126740
     4096         13073    18.80     277954504
    65536        405182    12.94    3070183529
  1048576      26182727     4.00    8183240343
     1000          2733    18.23     142838765
     1080          2968    18.34     345000342
     1920          5066    20.67     569062553
     1009         30203     1.67     135299463
     1296          3591    18.66     259554589
    10007        370076     1.80    1518784501

## Real RFFT (ns/op | GFLOP/s | plan ns)
      256           369    13.89      76450948
     1024          1491    17.17     161444347
     4096          7350    16.72     291085118
    65536        192419    13.62    1922334058
  1048576      10495771     5.00   38543531394
     1000          1894    13.15     156800728
     1080          2042    13.32     325554494
     1920          3437    15.23     707528081

## Real inverse IRFFT c2r (ns/op | GFLOP/s | plan ns)
      256           540     9.48      75077135
     1024          1880    13.62     175516898
     4096          8367    14.69     336034991
    65536        216929    12.08    2555544054
  1048576      10813778     4.85   51809640681
     1000          2290    10.88     181120448
     1080          2522    10.79     412977196
     1920          3999    13.09     941093268

## 2-D FFT2 (ns/op | GFLOP/s | plan ns)
   64x64            17074    14.39     107410297
  128x128           74452    15.40     154143713
  256x256          477712    10.97     174000628
  512x512         2955590     7.98     296465853
 1024x1024       24253126     4.32     825211892
==> [5/5] numpy/scipy
# numpy 2.5.3 | scipy 1.18.1 | pyfftw 0.15.1 | FFTW None

## Complex FFT (ns/op | GFLOP/s)
        N                   FFTW                  numpy                  scipy
      256            705 (14.52)           8,818 (1.16)           6,336 (1.62)
     1024          2,945 (17.38)          16,107 (3.18)          11,948 (4.29)
     4096         16,527 (14.87)          64,640 (3.80)          46,867 (5.24)
    65536         575,317 (9.11)       2,051,201 (2.56)       1,408,951 (3.72)
  1048576      26,756,499 (3.92)      51,248,281 (2.05)      42,173,867 (2.49)
     1000          3,946 (12.63)          17,379 (2.87)          14,207 (3.51)
     1080          4,659 (11.68)          20,196 (2.69)          12,945 (4.20)
     1920          7,045 (14.86)          31,108 (3.37)          23,245 (4.50)
     1009          33,672 (1.50)          78,723 (0.64)          56,022 (0.90)
     1296          5,794 (11.56)          20,780 (3.22)          16,636 (4.03)
    10007         387,697 (1.72)         912,183 (0.73)         742,660 (0.90)

## Real RFFT (ns/op | GFLOP/s)
        N                   FFTW                  numpy                  scipy
      256             534 (9.58)           6,573 (0.78)           6,761 (0.76)
     1024          1,850 (13.84)          12,251 (2.09)          10,252 (2.50)
     4096          8,707 (14.11)          32,711 (3.76)          31,348 (3.92)
    65536        237,057 (11.06)         594,070 (4.41)         695,695 (3.77)
  1048576      10,210,735 (5.13)      22,831,281 (2.30)      22,509,818 (2.33)
     1000          2,290 (10.88)          14,417 (1.73)          12,039 (2.07)
     1080          2,540 (10.71)          13,485 (2.02)          12,506 (2.18)
     1920          3,979 (13.16)          18,171 (2.88)          17,115 (3.06)

## 2-D FFT2 (ns/op | GFLOP/s)
    shape                   FFTW                  numpy                  scipy
    64x64         15,299 (16.06)          55,048 (4.46)          44,810 (5.48)
  128x128         71,300 (16.09)         208,644 (5.50)         171,425 (6.69)
  256x256        521,942 (10.04)         924,082 (5.67)         756,374 (6.93)
  512x512       3,089,536 (7.64)       6,600,821 (3.57)       4,182,236 (5.64)
1024x1024      26,323,233 (3.98)      30,807,799 (3.40)      27,590,827 (3.80)
wrote REPORT.md
done
