==> [1/5] correctness gate
CORRECTNESS: all 24 go-fft transforms match numpy.fft (rtol=1e-09, atol=1e-07)
==> [2/5] Go benchmarks
BenchmarkFFT2Plan_GoFFT/1024x1024  	      74	  15863499 ns/op
BenchmarkFFT2Plan_GoFFT/1024x1024  	      75	  15913348 ns/op
PASS
==> [3/5] plan cost
==> [4/5] native FFTW
# FFTW fftw-3.3.10-sse2-avx-avx2-avx2_128-avx512 (native, 1 thread, FFTW_MEASURE)

## Complex FFT (ns/op | GFLOP/s | plan ns)
      256           365    28.07      68990398
     1024          2109    24.27     126439046
     4096         12828    19.16     277354380
    65536        400240    13.10    3056001235
  1048576      26037623     4.03    8283702126
     1000          2723    18.30     142848119
     1080          3026    17.98     345866436
     1920          4887    21.43     566181773
     1009         30034     1.68     135021271
     1296          3587    18.68     258479590
    10007        357803     1.86    1506913934

## Real RFFT (ns/op | GFLOP/s | plan ns)
      256           360    14.22      76467583
     1024          1516    16.89     159178641
     4096          7640    16.08     289894478
    65536        186699    14.04    1908680139
  1048576       9924578     5.28   36038876848
     1000          1854    13.44     156972934
     1080          1995    13.64     321169557
     1920          3379    15.49     702382622

## Real inverse IRFFT c2r (ns/op | GFLOP/s | plan ns)
      256           502    10.21      75798091
     1024          1913    13.39     175984137
     4096          8380    14.66     333938733
    65536        213591    12.27    2540635562
  1048576       9201247     5.70   45004682003
     1000          2270    10.97     180523297
     1080          2324    11.71     413106311
     1920          4039    12.96     940307992

## 2-D FFT2 (ns/op | GFLOP/s | plan ns)
   64x64            17140    14.34     108102774
  128x128           79329    14.46     155658964
  256x256          452062    11.60     172277417
  512x512         2434624     9.69     287590234
 1024x1024       16905520     6.20     791845379
==> [5/5] numpy/scipy
# numpy 2.5.3 | scipy 1.18.1 | pyfftw 0.15.1 | FFTW None

## Complex FFT (ns/op | GFLOP/s)
        N                   FFTW                  numpy                  scipy
      256            705 (14.53)           8,849 (1.16)           6,352 (1.61)
     1024          3,041 (16.84)          16,304 (3.14)          12,101 (4.23)
     4096         16,772 (14.65)          57,891 (4.25)          45,768 (5.37)
    65536         564,969 (9.28)       1,844,171 (2.84)       1,363,184 (3.85)
  1048576      26,189,754 (4.00)      50,245,144 (2.09)      42,013,715 (2.50)
     1000          3,935 (12.66)          17,014 (2.93)          13,874 (3.59)
     1080          4,655 (11.69)          20,313 (2.68)          13,872 (3.92)
     1920          7,370 (14.21)          31,434 (3.33)          22,226 (4.71)
     1009          34,460 (1.46)          80,530 (0.63)          56,820 (0.89)
     1296          5,986 (11.19)          20,758 (3.23)          15,650 (4.28)
    10007         387,298 (1.72)         878,541 (0.76)         736,130 (0.90)

## Real RFFT (ns/op | GFLOP/s)
        N                   FFTW                  numpy                  scipy
      256             536 (9.55)           6,497 (0.79)           6,487 (0.79)
     1024          1,814 (14.11)          13,100 (1.95)          10,272 (2.49)
     4096          8,576 (14.33)          32,569 (3.77)          31,441 (3.91)
    65536        235,783 (11.12)         592,952 (4.42)         682,752 (3.84)
  1048576      10,919,603 (4.80)      17,422,845 (3.01)      20,909,599 (2.51)
     1000          2,236 (11.14)          12,692 (1.96)          10,720 (2.32)
     1080          2,538 (10.72)          13,428 (2.03)          10,924 (2.49)
     1920          4,039 (12.96)          17,965 (2.91)          17,509 (2.99)

## 2-D FFT2 (ns/op | GFLOP/s)
    shape                   FFTW                  numpy                  scipy
    64x64         15,479 (15.88)          54,722 (4.49)          45,883 (5.36)
  128x128         72,633 (15.79)         212,902 (5.39)         181,062 (6.33)
  256x256         555,817 (9.43)         861,663 (6.08)         752,781 (6.96)
  512x512       2,660,977 (8.87)       4,328,751 (5.45)       3,324,983 (7.10)
1024x1024      24,216,359 (4.33)      26,884,234 (3.90)      27,141,627 (3.86)
wrote REPORT.md
done
