==> [1/5] correctness gate
CORRECTNESS: all 24 go-fft transforms match numpy.fft (rtol=1e-09, atol=1e-07)
==> [2/5] Go benchmarks
BenchmarkFFT2Plan_GoFFT/1024x1024  	      60	  19371350 ns/op
BenchmarkFFT2Plan_GoFFT/1024x1024  	      62	  19093929 ns/op
PASS
==> [3/5] plan cost
==> [4/5] native FFTW
# FFTW fftw-3.3.10-neon (native, 1 thread, FFTW_MEASURE)

## Complex FFT (ns/op | GFLOP/s | plan ns)
      256          1158     8.85       4448056
     1024          6364     8.05       3927927
     4096         41241     5.96       6338179
    65536       1229518     4.26      21717193
  1048576      44166537     2.37      20215441
     1000          7164     6.96       4729863
     1080          7745     7.03      12479631
     1920         13605     7.70      17793668
     1009         48144     1.05       6099213
     1296         11418     5.87      10391507
    10007        645158     1.03      35402570

## Real RFFT (ns/op | GFLOP/s | plan ns)
      256           721     7.10       2411053
     1024          4208     6.08       5402796
     4096         19871     6.18       9511327
    65536        545029     4.81      22062320
  1048576      18631661     2.81      66742089
     1000          3952     6.30       6778147
     1080          4219     6.45      14788959
     1920          7327     7.14      28380254

## Real inverse IRFFT c2r (ns/op | GFLOP/s | plan ns)
      256           813     6.30       2615377
     1024          4441     5.76       6056052
     4096         21050     5.84      10949837
    65536        645565     4.06      28080886
  1048576      21952347     2.39      68522520
     1000          4273     5.83       8120537
     1080          4441     6.13      17849986
     1920          8009     6.54      34917194

## 2-D FFT2 (ns/op | GFLOP/s | plan ns)
   64x64            31415     7.82       2209848
  128x128          198863     5.77       3979366
  256x256         1240346     4.23       3955966
  512x512         6578719     3.59       8856190
 1024x1024       43106629     2.43       9012993
==> [5/5] numpy/scipy
# numpy 2.5.3 | scipy 1.18.1 | pyfftw 0.15.1 | FFTW None

## Complex FFT (ns/op | GFLOP/s)
        N                   FFTW                  numpy                  scipy
      256           1,677 (6.10)           9,398 (1.09)           7,649 (1.34)
     1024           7,684 (6.66)          18,877 (2.71)          14,508 (3.53)
     4096          40,111 (6.13)          60,278 (4.08)          47,939 (5.13)
    65536       1,048,823 (5.00)       2,143,704 (2.45)       1,419,418 (3.69)
  1048576      28,475,200 (3.68)      44,825,774 (2.34)      30,310,153 (3.46)
     1000           8,821 (5.65)          19,281 (2.58)          15,919 (3.13)
     1080           9,066 (6.00)          22,093 (2.46)          17,154 (3.17)
     1920          16,786 (6.24)          32,885 (3.18)          25,837 (4.05)
     1009          48,315 (1.04)          97,647 (0.52)          57,321 (0.88)
     1296          10,918 (6.14)          24,935 (2.69)          19,715 (3.40)
    10007         689,531 (0.96)       1,023,738 (0.65)         757,778 (0.88)

## Real RFFT (ns/op | GFLOP/s)
        N                   FFTW                  numpy                  scipy
      256             882 (5.81)           8,654 (0.59)           7,754 (0.66)
     1024           3,897 (6.57)          14,211 (1.80)          12,496 (2.05)
     4096          18,742 (6.56)          36,812 (3.34)          32,687 (3.76)
    65536         515,125 (5.09)         717,588 (3.65)         739,826 (3.54)
  1048576      12,266,661 (4.27)      20,134,950 (2.60)      17,970,094 (2.92)
     1000           4,384 (5.68)          15,176 (1.64)          12,551 (1.99)
     1080           4,518 (6.02)          15,914 (1.71)          14,149 (1.92)
     1920           7,798 (6.71)          21,716 (2.41)          18,828 (2.78)

## 2-D FFT2 (ns/op | GFLOP/s)
    shape                   FFTW                  numpy                  scipy
    64x64          39,587 (6.21)          70,071 (3.51)          50,050 (4.91)
  128x128         202,616 (5.66)         252,643 (4.54)         204,026 (5.62)
  256x256         995,478 (5.27)       1,194,762 (4.39)         976,989 (5.37)
  512x512       5,048,811 (4.67)       5,960,154 (3.96)       4,075,000 (5.79)
1024x1024      26,798,727 (3.91)      27,360,033 (3.83)      20,876,845 (5.02)
wrote REPORT.md
done
