==> [1/5] correctness gate
CORRECTNESS: all 24 go-fft transforms match numpy.fft (rtol=1e-09, atol=1e-07)
==> [2/5] Go benchmarks
BenchmarkFFT2Plan_GoFFT/1024x1024  	     200	   6081169 ns/op
BenchmarkFFT2Plan_GoFFT/1024x1024  	     199	   6062685 ns/op
PASS
==> [3/5] plan cost
==> [4/5] native FFTW
# FFTW fftw-3.3.10-sse2-avx-avx2-avx2_128 (native, 1 thread, FFTW_MEASURE)

## Complex FFT (ns/op | GFLOP/s | plan ns)
      256           281    36.46      72266323
     1024          1572    32.56     133164030
     4096         10341    23.77     238462109
    65536        298073    17.59    2142792564
  1048576      11531470     9.09    4046713639
     1000          2036    24.47     162635384
     1080          2415    22.53     368323037
     1920          3892    26.90     577568922
     1009         20222     2.49     144507186
     1296          2997    22.36     266975591
    10007        217835     3.05    1240200623

## Real RFFT (ns/op | GFLOP/s | plan ns)
      256           230    22.28      86669120
     1024          1062    24.12     185026474
     4096          5357    22.94     275561115
    65536        152954    17.14    1448677629
  1048576       3729040    14.06   19123516950
     1000          1266    19.68     182217472
     1080          1352    20.13     378694422
     1920          2400    21.82     779904674

## Real inverse IRFFT c2r (ns/op | GFLOP/s | plan ns)
      256           288    17.77      80203406
     1024          1150    22.27     192880077
     4096          5792    21.22     333820492
    65536        167205    15.68    2127734167
  1048576       4023259    13.03   23917400299
     1000          1560    15.98     209910815
     1080          1568    17.35     478691837
     1920          2845    18.40    1084160863

## 2-D FFT2 (ns/op | GFLOP/s | plan ns)
   64x64            10997    22.35     108471309
  128x128           59331    19.33     159905202
  256x256          288314    18.18     184184193
  512x512         1315956    17.93     279410787
 1024x1024        6964250    15.06     556890333
==> [5/5] numpy/scipy
# numpy 2.5.3 | scipy 1.18.1 | pyfftw 0.15.1 | FFTW None

## Complex FFT (ns/op | GFLOP/s)
        N                   FFTW                  numpy                  scipy
      256            558 (18.35)           6,977 (1.47)           5,375 (1.91)
     1024          2,009 (25.48)          13,174 (3.89)           9,859 (5.19)
     4096         12,858 (19.11)          45,598 (5.39)          33,896 (7.25)
    65536        384,850 (13.62)       1,948,321 (2.69)         927,204 (5.65)
  1048576      11,809,392 (8.88)      38,513,865 (2.72)      15,063,678 (6.96)
     1000          2,655 (18.77)          13,988 (3.56)          10,054 (4.96)
     1080          3,265 (16.67)          14,469 (3.76)          10,861 (5.01)
     1920          4,919 (21.28)          21,921 (4.78)          17,658 (5.93)
     1009          22,783 (2.21)          61,193 (0.82)          38,699 (1.30)
     1296          4,399 (15.23)          16,677 (4.02)          12,738 (5.26)
    10007         275,849 (2.41)         678,451 (0.98)         476,224 (1.40)

## Real RFFT (ns/op | GFLOP/s)
        N                   FFTW                  numpy                  scipy
      256            404 (12.68)           6,199 (0.83)           5,373 (0.95)
     1024          1,338 (19.14)           9,699 (2.64)           8,579 (2.98)
     4096          6,137 (20.02)          25,193 (4.88)          21,753 (5.65)
    65536        169,299 (15.48)         398,127 (6.58)         512,138 (5.12)
  1048576      4,137,206 (12.67)       8,482,562 (6.18)      11,580,844 (4.53)
     1000          1,618 (15.40)          10,549 (2.36)           8,717 (2.86)
     1080          1,950 (13.95)          11,054 (2.46)           8,933 (3.05)
     1920          2,921 (17.92)          14,277 (3.67)          12,234 (4.28)

## 2-D FFT2 (ns/op | GFLOP/s)
    shape                   FFTW                  numpy                  scipy
    64x64         11,180 (21.98)          47,260 (5.20)          33,285 (7.38)
  128x128         63,460 (18.07)         144,242 (7.95)         123,089 (9.32)
  256x256        338,390 (15.49)         608,664 (8.61)        455,068 (11.52)
  512x512      1,521,918 (15.50)       2,891,817 (8.16)      1,949,164 (12.10)
1024x1024      7,492,432 (14.00)      13,499,010 (7.77)      9,466,549 (11.08)
wrote REPORT.md
done
