==> [1/5] correctness gate
CORRECTNESS: all 24 go-fft transforms match numpy.fft (rtol=1e-09, atol=1e-07)
==> [2/5] Go benchmarks
BenchmarkFFT2Plan_GoFFT/1024x1024  	     202	   5968985 ns/op
BenchmarkFFT2Plan_GoFFT/1024x1024  	     170	   6504273 ns/op
PASS
==> [3/5] plan cost
==> [4/5] native FFTW
# FFTW fftw-3.3.10-sse2-avx-avx2-avx2_128 (native, 1 thread, FFTW_MEASURE)

## Complex FFT (ns/op | GFLOP/s | plan ns)
      256           273    37.44      72925383
     1024          1550    33.04     130806979
     4096         10312    23.83     241435770
    65536        292489    17.93    2157558120
  1048576      11255953     9.32    3980377079
     1000          2025    24.60     151728239
     1080          2227    24.44     363669965
     1920          3863    27.10     568808278
     1009         20119     2.50     141358215
     1296          2907    23.05     264671090
    10007        203640     3.27    1243818806

## Real RFFT (ns/op | GFLOP/s | plan ns)
      256           226    22.64      84631709
     1024           958    26.73     176736560
     4096          5698    21.57     310148231
    65536        148963    17.60    1402111217
  1048576       3711035    14.13   19672464100
     1000          1260    19.77     181429432
     1080          1309    20.79     380271213
     1920          2308    22.68     774435872

## Real inverse IRFFT c2r (ns/op | GFLOP/s | plan ns)
      256           282    18.17      80679456
     1024          1185    21.61     188302426
     4096          6081    20.21     333312552
    65536        168007    15.60    2191799666
  1048576       4204482    12.47   24114468379
     1000          1444    17.25     207658014
     1080          1574    17.29     477551107
     1920          2743    19.09    1027842957

## 2-D FFT2 (ns/op | GFLOP/s | plan ns)
   64x64            11596    21.19     106777289
  128x128           61560    18.63     152803600
  256x256          283960    18.46     179105061
  512x512         1373258    17.18     268589032
 1024x1024        6681744    15.69     537674674
==> [5/5] numpy/scipy
# numpy 2.5.3 | scipy 1.18.1 | pyfftw 0.15.1 | FFTW None

## Complex FFT (ns/op | GFLOP/s)
        N                   FFTW                  numpy                  scipy
      256            607 (16.88)           6,798 (1.51)           5,573 (1.84)
     1024          2,084 (24.56)          13,337 (3.84)           9,832 (5.21)
     4096         13,679 (17.97)          44,564 (5.51)          34,791 (7.06)
    65536        345,384 (15.18)       1,966,543 (2.67)         924,424 (5.67)
  1048576      11,701,828 (8.96)      28,335,980 (3.70)      14,391,151 (7.29)
     1000          2,628 (18.96)          14,151 (3.52)          10,346 (4.82)
     1080          3,314 (16.42)          14,238 (3.82)          10,869 (5.01)
     1920          5,039 (20.78)          22,105 (4.74)          16,094 (6.51)
     1009          22,956 (2.19)          60,505 (0.83)          39,112 (1.29)
     1296          4,126 (16.24)          16,513 (4.06)          12,282 (5.46)
    10007         269,119 (2.47)         631,061 (1.05)         467,700 (1.42)

## Real RFFT (ns/op | GFLOP/s)
        N                   FFTW                  numpy                  scipy
      256            404 (12.67)           6,066 (0.84)           5,286 (0.97)
     1024          1,311 (19.53)           9,365 (2.73)           8,180 (3.13)
     4096          6,249 (19.66)          25,308 (4.86)          22,060 (5.57)
    65536        175,153 (14.97)         404,328 (6.48)         492,580 (5.32)
  1048576      4,095,864 (12.80)       8,424,702 (6.22)      10,133,481 (5.17)
     1000          1,640 (15.19)          10,421 (2.39)           8,769 (2.84)
     1080          1,833 (14.84)          11,045 (2.46)           8,962 (3.04)
     1920          2,844 (18.41)          14,106 (3.71)          11,945 (4.38)

## 2-D FFT2 (ns/op | GFLOP/s)
    shape                   FFTW                  numpy                  scipy
    64x64         11,542 (21.29)          47,923 (5.13)          33,681 (7.30)
  128x128         68,677 (16.70)         145,907 (7.86)         131,501 (8.72)
  256x256        354,244 (14.80)         607,283 (8.63)        458,078 (11.45)
  512x512      1,548,855 (15.23)       2,924,952 (8.07)      1,903,332 (12.40)
1024x1024      7,546,978 (13.89)      13,445,512 (7.80)      9,391,654 (11.16)
wrote REPORT.md
done
