==> [1/5] correctness gate
CORRECTNESS: all 24 go-fft transforms match numpy.fft (rtol=1e-09, atol=1e-07)
==> [2/5] Go benchmarks
BenchmarkFFT2Plan_GoFFT/1024x1024  	      69	  17230451 ns/op
BenchmarkFFT2Plan_GoFFT/1024x1024  	      70	  17208339 ns/op
PASS
==> [3/5] plan cost
==> [4/5] native FFTW
# FFTW fftw-3.3.10-sse2-avx-avx2-avx2_128-avx512 (native, 1 thread, FFTW_MEASURE)

## Complex FFT (ns/op | GFLOP/s | plan ns)
      256           378    27.08      68352750
     1024          2137    23.96     127434423
     4096         12675    19.39     280565200
    65536        401617    13.05    3142708512
  1048576      26719241     3.92    8423444828
     1000          2698    18.47     143644184
     1080          3035    17.93     344436647
     1920          5114    20.47     567105219
     1009         30297     1.66     135500098
     1296          3584    18.69     260742046
    10007        361767     1.84    1530651193

## Real RFFT (ns/op | GFLOP/s | plan ns)
      256           359    14.24      76834241
     1024          1467    17.45     160344590
     4096          7421    16.56     291401384
    65536        181732    14.42    1911018221
  1048576      10239803     5.12   38160800403
     1000          1945    12.81     157379303
     1080          2137    12.73     325204782
     1920          3405    15.37     704528522

## Real inverse IRFFT c2r (ns/op | GFLOP/s | plan ns)
      256           518     9.88      78360116
     1024          1816    14.09     176134411
     4096          8884    13.83     347061563
    65536        217149    12.07    2566571647
  1048576       9211820     5.69   46273595568
     1000          2309    10.79     181511873
     1080          3076     8.84     425112372
     1920          3934    13.31     949587533

## 2-D FFT2 (ns/op | GFLOP/s | plan ns)
   64x64            16984    14.47     107707184
  128x128           71085    16.13     154726619
  256x256          476516    11.00     170624414
  512x512         2384709     9.89     285242559
 1024x1024       24154386     4.34     794775493
==> [5/5] numpy/scipy
# numpy 2.5.3 | scipy 1.18.1 | pyfftw 0.15.1 | FFTW None

## Complex FFT (ns/op | GFLOP/s)
        N                   FFTW                  numpy                  scipy
      256            724 (14.14)           8,410 (1.22)           6,343 (1.61)
     1024          2,985 (17.15)          16,443 (3.11)          11,745 (4.36)
     4096         16,272 (15.10)          60,383 (4.07)          46,364 (5.30)
    65536         563,225 (9.31)       1,921,658 (2.73)       1,341,121 (3.91)
  1048576      25,133,932 (4.17)      49,615,545 (2.11)      41,813,976 (2.51)
     1000          3,931 (12.68)          17,281 (2.88)          13,841 (3.60)
     1080          4,710 (11.55)          20,474 (2.66)          13,203 (4.12)
     1920          7,271 (14.40)          31,558 (3.32)          23,065 (4.54)
     1009          33,857 (1.49)          84,037 (0.60)          55,784 (0.90)
     1296          5,888 (11.38)          20,884 (3.21)          16,857 (3.97)
    10007         382,748 (1.74)         890,403 (0.75)         723,707 (0.92)

## Real RFFT (ns/op | GFLOP/s)
        N                   FFTW                  numpy                  scipy
      256             527 (9.72)           6,502 (0.79)           6,996 (0.73)
     1024          1,770 (14.46)          13,091 (1.96)          10,158 (2.52)
     4096          8,589 (14.31)          32,420 (3.79)          31,246 (3.93)
    65536        241,600 (10.85)         635,439 (4.13)         693,091 (3.78)
  1048576       9,977,726 (5.25)      19,069,636 (2.75)      20,506,673 (2.56)
     1000          2,191 (11.37)          13,522 (1.84)          11,889 (2.10)
     1080          2,628 (10.35)          13,541 (2.01)          11,002 (2.47)
     1920          4,045 (12.94)          18,085 (2.89)          17,061 (3.07)

## 2-D FFT2 (ns/op | GFLOP/s)
    shape                   FFTW                  numpy                  scipy
    64x64         15,238 (16.13)          53,891 (4.56)          44,623 (5.51)
  128x128         73,001 (15.71)         213,609 (5.37)         173,224 (6.62)
  256x256         597,598 (8.77)         927,324 (5.65)         755,400 (6.94)
  512x512       2,965,231 (7.96)       5,940,593 (3.97)       3,732,272 (6.32)
1024x1024      22,244,300 (4.71)      29,699,207 (3.53)      25,133,298 (4.17)
wrote REPORT.md
done
