==> [1/5] correctness gate
CORRECTNESS: all 24 go-fft transforms match numpy.fft (rtol=1e-09, atol=1e-07)
==> [2/5] Go benchmarks
BenchmarkFFT2Plan_GoFFT/1024x1024  	     193	   6252211 ns/op
BenchmarkFFT2Plan_GoFFT/1024x1024  	     192	   6352934 ns/op
PASS
==> [3/5] plan cost
==> [4/5] native FFTW
# FFTW fftw-3.3.10-sse2-avx-avx2-avx2_128 (native, 1 thread, FFTW_MEASURE)

## Complex FFT (ns/op | GFLOP/s | plan ns)
      256           286    35.78      72870703
     1024          1521    33.66     130957450
     4096         10913    22.52     239501309
    65536        291838    17.97    2147486046
  1048576      11308693     9.27    3966977233
     1000          1965    25.35     152218269
     1080          2315    23.50     363905585
     1920          3986    26.27     570758920
     1009         20421     2.47     143153645
     1296          2960    22.64     264615930
    10007        209829     3.17    1224151016

## Real RFFT (ns/op | GFLOP/s | plan ns)
      256           328    15.60      84850829
     1024           990    25.86     176240600
     4096          5414    22.70     289533712
    65536        158920    16.50    1415715314
  1048576       3587563    14.61   19302177001
     1000          1271    19.61     181811313
     1080          1327    20.51     373441000
     1920          2301    22.75     779075855

## Real inverse IRFFT c2r (ns/op | GFLOP/s | plan ns)
      256           313    16.38      82161848
     1024          1193    21.46     209240255
     4096          5837    21.05     336375533
    65536        170150    15.41    2184092143
  1048576       4129543    12.70   24020391626
     1000          1417    17.59     208785005
     1080          1539    17.67     481001609
     1920          2696    19.42    1030225609

## 2-D FFT2 (ns/op | GFLOP/s | plan ns)
   64x64            11165    22.01     106639508
  128x128           61596    18.62     154421790
  256x256          282641    18.55     180655062
  512x512         1299680    18.15     274336825
 1024x1024        6205268    16.90     564830817
==> [5/5] numpy/scipy
# numpy 2.5.3 | scipy 1.18.1 | pyfftw 0.15.1 | FFTW None

## Complex FFT (ns/op | GFLOP/s)
        N                   FFTW                  numpy                  scipy
      256            556 (18.43)           6,701 (1.53)           5,377 (1.90)
     1024          1,993 (25.69)          12,957 (3.95)           9,680 (5.29)
     4096         13,510 (18.19)          45,589 (5.39)          33,427 (7.35)
    65536        334,990 (15.65)       1,870,873 (2.80)         906,844 (5.78)
  1048576      11,330,760 (9.25)      23,265,391 (4.51)      13,902,579 (7.54)
     1000          2,619 (19.02)          13,737 (3.63)          10,197 (4.89)
     1080          3,322 (16.38)          14,278 (3.81)          10,781 (5.05)
     1920          5,008 (20.91)          22,180 (4.72)          16,572 (6.32)
     1009          22,685 (2.22)          61,220 (0.82)          38,514 (1.31)
     1296          4,156 (16.12)          16,665 (4.02)          12,468 (5.37)
    10007         263,479 (2.52)         634,214 (1.05)         466,332 (1.43)

## Real RFFT (ns/op | GFLOP/s)
        N                   FFTW                  numpy                  scipy
      256            403 (12.71)           6,033 (0.85)           5,442 (0.94)
     1024          1,309 (19.56)           9,484 (2.70)           8,402 (3.05)
     4096          6,183 (19.87)          25,343 (4.85)          22,211 (5.53)
    65536        169,765 (15.44)         399,020 (6.57)         490,954 (5.34)
  1048576      3,969,520 (13.21)       8,271,844 (6.34)       9,958,202 (5.26)
     1000          1,562 (15.95)          10,325 (2.41)           8,673 (2.87)
     1080          1,825 (14.91)          10,889 (2.50)           9,249 (2.94)
     1920          2,902 (18.04)          14,264 (3.67)          12,270 (4.27)

## 2-D FFT2 (ns/op | GFLOP/s)
    shape                   FFTW                  numpy                  scipy
    64x64         10,992 (22.36)          47,832 (5.14)          34,143 (7.20)
  128x128         62,047 (18.48)         143,687 (7.98)         128,468 (8.93)
  256x256        361,528 (14.50)         676,789 (7.75)        458,424 (11.44)
  512x512      1,499,431 (15.73)       3,046,434 (7.74)      1,880,936 (12.54)
1024x1024      7,666,309 (13.68)      15,017,569 (6.98)      9,458,572 (11.09)
wrote REPORT.md
done
