==> [1/5] correctness gate
CORRECTNESS: all 24 go-fft transforms match numpy.fft (rtol=1e-09, atol=1e-07)
==> [2/5] Go benchmarks
BenchmarkFFT2Plan_GoFFT/1024x1024  	     196	   6307056 ns/op
BenchmarkFFT2Plan_GoFFT/1024x1024  	     190	   6161134 ns/op
PASS
==> [3/5] plan cost
==> [4/5] native FFTW
# FFTW fftw-3.3.10-sse2-avx-avx2-avx2_128 (native, 1 thread, FFTW_MEASURE)

## Complex FFT (ns/op | GFLOP/s | plan ns)
      256           293    34.91      72418623
     1024          1505    34.02     133864181
     4096         10601    23.18     246335572
    65536        328789    15.95    2310612110
  1048576      11435646     9.17    4044017528
     1000          2000    24.92     152095210
     1080          2476    21.98     365383086
     1920          4008    26.12     570052459
     1009         20066     2.51     141548525
     1296          3173    21.12     269128472
    10007        213948     3.11    1319984650

## Real RFFT (ns/op | GFLOP/s | plan ns)
      256           226    22.69      84938249
     1024           986    25.98     176455340
     4096          5358    22.93     290003982
    65536        151869    17.26    1440032935
  1048576       3775123    13.89   19547102873
     1000          1278    19.49     194334098
     1080          1384    19.65     376758251
     1920          2361    22.17     785009386

## Real inverse IRFFT c2r (ns/op | GFLOP/s | plan ns)
      256           312    16.41      82767257
     1024          1229    20.82     191622147
     4096          5752    21.36     337799564
    65536        165288    15.86    2065641959
  1048576       4129244    12.70   24279121443
     1000          1476    16.88     208587825
     1080          1597    17.04     481184479
     1920          2672    19.59    1035734501

## 2-D FFT2 (ns/op | GFLOP/s | plan ns)
   64x64            11197    21.95     107001619
  128x128           62474    18.36     155516601
  256x256          283721    18.48     198015680
  512x512         1312134    17.98     274365435
 1024x1024        6493997    16.15     571747020
==> [5/5] numpy/scipy
# numpy 2.5.3 | scipy 1.18.1 | pyfftw 0.15.1 | FFTW None

## Complex FFT (ns/op | GFLOP/s)
        N                   FFTW                  numpy                  scipy
      256            482 (21.25)           6,676 (1.53)           5,347 (1.92)
     1024          1,965 (26.05)          13,063 (3.92)           9,814 (5.22)
     4096         12,380 (19.85)          45,241 (5.43)          33,052 (7.44)
    65536        357,148 (14.68)       1,927,625 (2.72)         898,462 (5.84)
  1048576      11,489,756 (9.13)      23,872,167 (4.39)      13,766,551 (7.62)
     1000          2,726 (18.28)          13,726 (3.63)          10,054 (4.96)
     1080          3,147 (17.29)          14,472 (3.76)          10,956 (4.97)
     1920          4,906 (21.34)          22,064 (4.75)          16,775 (6.24)
     1009          22,984 (2.19)          61,391 (0.82)          39,049 (1.29)
     1296          4,181 (16.02)          17,087 (3.92)          12,666 (5.29)
    10007         272,592 (2.44)         651,525 (1.02)         470,602 (1.41)

## Real RFFT (ns/op | GFLOP/s)
        N                   FFTW                  numpy                  scipy
      256            406 (12.60)           6,165 (0.83)           5,378 (0.95)
     1024          1,333 (19.20)           9,596 (2.67)           8,650 (2.96)
     4096          6,312 (19.47)          25,486 (4.82)          22,839 (5.38)
    65536        174,103 (15.06)         408,422 (6.42)         507,475 (5.17)
  1048576      4,217,240 (12.43)       8,969,918 (5.84)      10,580,653 (4.96)
     1000          1,610 (15.47)          10,413 (2.39)           9,133 (2.73)
     1080          1,969 (13.82)          12,703 (2.14)           9,063 (3.00)
     1920          2,946 (17.77)          14,635 (3.58)          12,846 (4.08)

## 2-D FFT2 (ns/op | GFLOP/s)
    shape                   FFTW                  numpy                  scipy
    64x64         11,540 (21.30)          48,087 (5.11)          33,252 (7.39)
  128x128         62,916 (18.23)         150,065 (7.64)         127,541 (8.99)
  256x256        347,894 (15.07)         645,548 (8.12)        456,441 (11.49)
  512x512      1,515,321 (15.57)       2,917,503 (8.09)      1,924,191 (12.26)
1024x1024      7,618,260 (13.76)      13,437,344 (7.80)      9,342,400 (11.22)
wrote REPORT.md
done
