==> [1/5] correctness gate
CORRECTNESS: all 24 go-fft transforms match numpy.fft (rtol=1e-09, atol=1e-07)
==> [2/5] Go benchmarks
BenchmarkFFT2Plan_GoFFT/1024x1024  	     198	   6331821 ns/op
BenchmarkFFT2Plan_GoFFT/1024x1024  	     189	   6263465 ns/op
PASS
==> [3/5] plan cost
==> [4/5] native FFTW
# FFTW fftw-3.3.10-sse2-avx-avx2-avx2_128 (native, 1 thread, FFTW_MEASURE)

## Complex FFT (ns/op | GFLOP/s | plan ns)
      256           289    35.41      74483524
     1024          2130    24.04     140603024
     4096         10761    22.84     242749820
    65536        301138    17.41    2335603952
  1048576      11694796     8.97    4032990053
     1000          2032    24.52     156544521
     1080          2227    24.43     363793875
     1920          3885    26.95     574103311
     1009         20389     2.47     147959257
     1296          3003    22.31     268487882
    10007        200762     3.31    1213959602

## Real RFFT (ns/op | GFLOP/s | plan ns)
      256           229    22.34      86880110
     1024           961    26.65     178604091
     4096          5126    23.97     287201671
    65536        151709    17.28    1488628307
  1048576       3466754    15.12   19142575469
     1000          1325    18.81     189747477
     1080          1376    19.77     370254288
     1920          2378    22.01     784657527

## Real inverse IRFFT c2r (ns/op | GFLOP/s | plan ns)
      256           297    17.24      81224667
     1024          1201    21.31     194401569
     4096          5788    21.23     339381614
    65536        167611    15.64    2241612878
  1048576       4012523    13.07   24551715257
     1000          1560    15.97     208383035
     1080          1617    16.82     493711914
     1920          2619    19.99    1044570054

## 2-D FFT2 (ns/op | GFLOP/s | plan ns)
   64x64            10966    22.41     108049819
  128x128           61755    18.57     157713862
  256x256          282825    18.54     177972521
  512x512         1448905    16.28     273497515
 1024x1024        6909531    15.18     572035160
==> [5/5] numpy/scipy
# numpy 2.5.3 | scipy 1.18.1 | pyfftw 0.15.1 | FFTW None

## Complex FFT (ns/op | GFLOP/s)
        N                   FFTW                  numpy                  scipy
      256            492 (20.81)           6,831 (1.50)           5,260 (1.95)
     1024          2,046 (25.03)          13,023 (3.93)           9,454 (5.42)
     4096         12,728 (19.31)          45,329 (5.42)          32,744 (7.51)
    65536        337,292 (15.54)       1,934,129 (2.71)         963,944 (5.44)
  1048576      11,906,854 (8.81)      25,459,376 (4.12)      14,086,760 (7.44)
     1000          2,696 (18.48)          13,855 (3.60)          10,042 (4.96)
     1080          3,388 (16.06)          14,407 (3.78)          10,624 (5.12)
     1920          5,097 (20.54)          22,069 (4.74)          16,343 (6.41)
     1009          25,464 (1.98)          60,661 (0.83)          38,400 (1.31)
     1296          4,092 (16.37)          16,400 (4.09)          12,708 (5.27)
    10007         284,937 (2.33)         671,948 (0.99)         467,808 (1.42)

## Real RFFT (ns/op | GFLOP/s)
        N                   FFTW                  numpy                  scipy
      256            402 (12.74)           6,028 (0.85)           5,206 (0.98)
     1024          1,402 (18.26)           9,532 (2.69)           7,981 (3.21)
     4096          6,253 (19.65)          25,114 (4.89)          24,379 (5.04)
    65536        176,974 (14.81)         461,914 (5.68)         515,202 (5.09)
  1048576      4,038,579 (12.98)       8,446,447 (6.21)      10,118,892 (5.18)
     1000          1,549 (16.09)          10,259 (2.43)           8,678 (2.87)
     1080          1,819 (14.96)          10,813 (2.52)           8,864 (3.07)
     1920          3,077 (17.01)          14,900 (3.51)          12,157 (4.31)

## 2-D FFT2 (ns/op | GFLOP/s)
    shape                   FFTW                  numpy                  scipy
    64x64         11,844 (20.75)          48,702 (5.05)          35,343 (6.95)
  128x128         72,176 (15.89)         159,145 (7.21)         132,289 (8.67)
  256x256        355,714 (14.74)         635,506 (8.25)        454,100 (11.55)
  512x512      1,578,963 (14.94)       2,978,305 (7.92)      1,992,350 (11.84)
1024x1024      7,978,462 (13.14)      13,518,235 (7.76)      9,254,347 (11.33)
wrote REPORT.md
done
