==> [1/5] correctness gate
CORRECTNESS: all 24 go-fft transforms match numpy.fft (rtol=1e-09, atol=1e-07)
==> [2/5] Go benchmarks
BenchmarkFFT2Plan_GoFFT/1024x1024  	     184	   6494040 ns/op
BenchmarkFFT2Plan_GoFFT/1024x1024  	     178	   6652196 ns/op
PASS
==> [3/5] plan cost
==> [4/5] native FFTW
# FFTW fftw-3.3.10-sse2-avx-avx2-avx2_128 (native, 1 thread, FFTW_MEASURE)

## Complex FFT (ns/op | GFLOP/s | plan ns)
      256           281    36.40      74115874
     1024          1501    34.10     130710159
     4096         10107    24.32     241992190
    65536        295337    17.75    2203597091
  1048576      12594214     8.33    4452092933
     1000          2141    23.27     151661749
     1080          2206    24.66     371453479
     1920          3980    26.31     606825816
     1009         21387     2.35     150310199
     1296          3030    22.11     271117723
    10007        206130     3.23    1257943611

## Real RFFT (ns/op | GFLOP/s | plan ns)
      256           226    22.66      91259492
     1024           987    25.94     187105945
     4096          5122    23.99     305048029
    65536        153568    17.07    1505987464
  1048576       3911052    13.41   20019552277
     1000          1219    20.43     187165155
     1080          1366    19.91     375667901
     1920          2337    22.41     776849663

## Real inverse IRFFT c2r (ns/op | GFLOP/s | plan ns)
      256           350    14.63      80442397
     1024          1220    20.99     188090436
     4096          5896    20.84     333664752
    65536        172770    15.17    2081085276
  1048576       4040914    12.97   24390554704
     1000          1462    17.04     209153175
     1080          1709    15.92     475617876
     1920          2884    18.15    1048805236

## 2-D FFT2 (ns/op | GFLOP/s | plan ns)
   64x64            11038    22.26     108820149
  128x128           65192    17.59     157521592
  256x256          295975    17.71     181512653
  512x512         1375579    17.15     298176986
 1024x1024        6499724    16.13     594249530
==> [5/5] numpy/scipy
# numpy 2.5.3 | scipy 1.18.1 | pyfftw 0.15.1 | FFTW None

## Complex FFT (ns/op | GFLOP/s)
        N                   FFTW                  numpy                  scipy
      256            556 (18.43)           6,806 (1.50)           5,276 (1.94)
     1024          2,176 (23.53)          13,783 (3.71)          10,476 (4.89)
     4096         12,892 (19.06)          43,402 (5.66)          33,845 (7.26)
    65536        336,640 (15.57)       1,990,977 (2.63)         905,262 (5.79)
  1048576      11,703,087 (8.96)      40,893,791 (2.56)      14,300,828 (7.33)
     1000          2,604 (19.13)          13,787 (3.61)           9,854 (5.06)
     1080          3,343 (16.28)          14,220 (3.83)          10,603 (5.13)
     1920          4,744 (22.07)          23,813 (4.40)          16,887 (6.20)
     1009          23,249 (2.17)          64,429 (0.78)          38,061 (1.32)
     1296          4,112 (16.29)          16,181 (4.14)          12,633 (5.30)
    10007         267,401 (2.49)         653,563 (1.02)         468,611 (1.42)

## Real RFFT (ns/op | GFLOP/s)
        N                   FFTW                  numpy                  scipy
      256            420 (12.19)           6,153 (0.83)           5,242 (0.98)
     1024          1,333 (19.20)           9,606 (2.66)           8,532 (3.00)
     4096          6,290 (19.54)          25,894 (4.75)          22,359 (5.50)
    65536        167,705 (15.63)         395,739 (6.62)         491,084 (5.34)
  1048576      3,988,092 (13.15)       8,444,605 (6.21)      10,098,614 (5.19)
     1000          1,576 (15.81)          10,183 (2.45)           8,543 (2.92)
     1080          1,844 (14.76)          10,761 (2.53)           8,882 (3.06)
     1920          3,080 (17.00)          14,913 (3.51)          13,046 (4.01)

## 2-D FFT2 (ns/op | GFLOP/s)
    shape                   FFTW                  numpy                  scipy
    64x64         11,656 (21.08)          51,551 (4.77)          34,575 (7.11)
  128x128         67,916 (16.89)         158,589 (7.23)         126,173 (9.09)
  256x256        344,632 (15.21)         705,599 (7.43)        456,571 (11.48)
  512x512      1,486,129 (15.88)       2,733,907 (8.63)      1,893,507 (12.46)
1024x1024      7,517,321 (13.95)      13,846,651 (7.57)      9,736,571 (10.77)
wrote REPORT.md
done
