==> [1/5] correctness gate
CORRECTNESS: all 24 go-fft transforms match numpy.fft (rtol=1e-09, atol=1e-07)
==> [2/5] Go benchmarks
BenchmarkFFT2Plan_GoFFT/1024x1024  	      75	  15971141 ns/op
BenchmarkFFT2Plan_GoFFT/1024x1024  	      72	  15824282 ns/op
PASS
==> [3/5] plan cost
==> [4/5] native FFTW
# FFTW fftw-3.3.10-sse2-avx-avx2-avx2_128-avx512 (native, 1 thread, FFTW_MEASURE)

## Complex FFT (ns/op | GFLOP/s | plan ns)
      256           375    27.30      69029042
     1024          2150    23.82     126421014
     4096         12851    19.12     276166819
    65536        398695    13.15    3115588253
  1048576      26063906     4.02    8347034143
     1000          2706    18.41     144582104
     1080          3036    17.92     348122789
     1920          5035    20.80     570762740
     1009         30170     1.67     135531440
     1296          3633    18.44     259125052
    10007        353338     1.88    1500963038

## Real RFFT (ns/op | GFLOP/s | plan ns)
      256           349    14.69      77195076
     1024          1513    16.92     161563599
     4096          7559    16.26     291700678
    65536        188024    13.94    1920675159
  1048576       9655631     5.43   40605419341
     1000          1900    13.11     159292316
     1080          2259    12.04     327525424
     1920          3483    15.03     704550415

## Real inverse IRFFT c2r (ns/op | GFLOP/s | plan ns)
      256           540     9.47      76452751
     1024          1865    13.73     182802491
     4096          8572    14.34     335285377
    65536        213860    12.26    2607756602
  1048576       9566449     5.48   48232307570
     1000          2210    11.27     180992996
     1080          2433    11.18     415495105
     1920          3793    13.80     940309953

## 2-D FFT2 (ns/op | GFLOP/s | plan ns)
   64x64            16906    14.54     107128080
  128x128           81937    14.00     153892068
  256x256          494607    10.60     173229368
  512x512         2589173     9.11     288608283
 1024x1024       17189934     6.10     792956926
==> [5/5] numpy/scipy
# numpy 2.5.3 | scipy 1.18.1 | pyfftw 0.15.1 | FFTW None

## Complex FFT (ns/op | GFLOP/s)
        N                   FFTW                  numpy                  scipy
      256            675 (15.16)           8,746 (1.17)           6,517 (1.57)
     1024          2,889 (17.72)          16,210 (3.16)          11,880 (4.31)
     4096         16,167 (15.20)          59,081 (4.16)          45,836 (5.36)
    65536         549,844 (9.54)       1,852,548 (2.83)       1,318,179 (3.98)
  1048576      25,479,072 (4.12)      50,253,412 (2.09)      41,899,341 (2.50)
     1000          3,855 (12.93)          17,193 (2.90)          13,917 (3.58)
     1080          4,621 (11.78)          20,200 (2.69)          13,383 (4.07)
     1920          7,129 (14.69)          30,837 (3.40)          22,960 (4.56)
     1009          33,915 (1.48)          78,399 (0.64)          55,328 (0.91)
     1296          5,759 (11.63)          23,410 (2.86)          16,182 (4.14)
    10007         384,732 (1.73)         869,264 (0.76)         737,037 (0.90)

## Real RFFT (ns/op | GFLOP/s)
        N                   FFTW                  numpy                  scipy
      256             528 (9.70)           7,197 (0.71)           6,916 (0.74)
     1024          1,793 (14.28)          11,860 (2.16)          10,310 (2.48)
     4096          8,716 (14.10)          32,383 (3.79)          31,607 (3.89)
    65536        239,596 (10.94)         596,030 (4.40)         683,712 (3.83)
  1048576      11,213,451 (4.68)      20,662,586 (2.54)      19,880,818 (2.64)
     1000          2,239 (11.13)          13,909 (1.79)          11,998 (2.08)
     1080          2,565 (10.61)          13,396 (2.03)          12,483 (2.18)
     1920          4,121 (12.71)          20,332 (2.57)          17,276 (3.03)

## 2-D FFT2 (ns/op | GFLOP/s)
    shape                   FFTW                  numpy                  scipy
    64x64         15,555 (15.80)          54,059 (4.55)          44,669 (5.50)
  128x128         72,683 (15.78)         210,516 (5.45)         181,020 (6.34)
  256x256         567,075 (9.25)         869,178 (6.03)         745,541 (7.03)
  512x512       2,611,224 (9.04)       4,113,648 (5.74)       3,407,766 (6.92)
1024x1024      16,195,866 (6.47)      26,936,508 (3.89)      24,754,530 (4.24)
wrote REPORT.md
done
